###############################################################################
#
# IAR ELF Linker V9.20.2.320/W64 for ARM                  24/Jan/2025  17:15:36
# Copyright 2007-2021 IAR Systems AB.
#
#    Output file  =  C:\Users\rozzie\dev\splash\EWARM\splash\Exe\splash.out
#    Map file     =  C:\Users\rozzie\dev\splash\EWARM\splash\List\splash.map
#    Command line =
#        -f C:\Users\rozzie\dev\splash\EWARM\splash\Exe\splash.out.rsp
#        (C:\Users\rozzie\dev\splash\EWARM\splash\Obj\Core\adc.o
#        C:\Users\rozzie\dev\splash\EWARM\splash\Obj\Global\amd5.o
#        C:\Users\rozzie\dev\splash\EWARM\splash\Obj\App\app.o
#        C:\Users\rozzie\dev\splash\EWARM\splash\Obj\Core\app_weak.o
#        C:\Users\rozzie\dev\splash\EWARM\splash\Obj\Global\array.o
#        C:\Users\rozzie\dev\splash\EWARM\splash\Obj\Global\base64.o
#        C:\Users\rozzie\dev\splash\EWARM\splash\Obj\App\button.o
#        C:\Users\rozzie\dev\splash\EWARM\splash\Obj\Core\can.o
#        C:\Users\rozzie\dev\splash\EWARM\splash\Obj\Middlewares\FreeRTOS\cmsis_os2.o
#        C:\Users\rozzie\dev\splash\EWARM\splash\Obj\Global\crc16.o
#        C:\Users\rozzie\dev\splash\EWARM\splash\Obj\Global\crc32.o
#        C:\Users\rozzie\dev\splash\EWARM\splash\Obj\Middlewares\FreeRTOS\croutine.o
#        C:\Users\rozzie\dev\splash\EWARM\splash\Obj\Global\debug.o
#        C:\Users\rozzie\dev\splash\EWARM\splash\Obj\Core\debug_if.o
#        C:\Users\rozzie\dev\splash\EWARM\splash\Obj\App\diag.o
#        C:\Users\rozzie\dev\splash\EWARM\splash\Obj\EWARM\dlib_lock_glue.o
#        C:\Users\rozzie\dev\splash\EWARM\splash\Obj\Core\dma.o
#        C:\Users\rozzie\dev\splash\EWARM\splash\Obj\Middlewares\FreeRTOS\event_groups.o
#        C:\Users\rozzie\dev\splash\EWARM\splash\Obj\Core\flash_if.o
#        C:\Users\rozzie\dev\splash\EWARM\splash\Obj\Global\float16.o
#        C:\Users\rozzie\dev\splash\EWARM\splash\Obj\Global\gerr.o
#        C:\Users\rozzie\dev\splash\EWARM\splash\Obj\Global\gmem.o
#        C:\Users\rozzie\dev\splash\EWARM\splash\Obj\Core\gpio.o
#        C:\Users\rozzie\dev\splash\EWARM\splash\Obj\Core\heap_4.o
#        C:\Users\rozzie\dev\splash\EWARM\splash\Obj\Core\i2c.o
#        C:\Users\rozzie\dev\splash\EWARM\splash\Obj\App\led.o
#        C:\Users\rozzie\dev\splash\EWARM\splash\Obj\Middlewares\FreeRTOS\list.o
#        C:\Users\rozzie\dev\splash\EWARM\splash\Obj\Global\loc.o
#        C:\Users\rozzie\dev\splash\EWARM\splash\Obj\Core\lptim.o
#        C:\Users\rozzie\dev\splash\EWARM\splash\Obj\Core\main.o
#        C:\Users\rozzie\dev\splash\EWARM\splash\Obj\App\maintask.o
#        C:\Users\rozzie\dev\splash\EWARM\splash\Obj\Global\md5hash.o
#        C:\Users\rozzie\dev\splash\EWARM\splash\Obj\Global\memmem.o
#        C:\Users\rozzie\dev\splash\EWARM\splash\Obj\Global\mutex.o
#        C:\Users\rozzie\dev\splash\EWARM\splash\Obj\Global\os.o
#        C:\Users\rozzie\dev\splash\EWARM\splash\Obj\Middlewares\FreeRTOS\port.o
#        C:\Users\rozzie\dev\splash\EWARM\splash\Obj\Middlewares\FreeRTOS\portasm.o
#        C:\Users\rozzie\dev\splash\EWARM\splash\Obj\App\post.o
#        C:\Users\rozzie\dev\splash\EWARM\splash\Obj\Middlewares\FreeRTOS\queue.o
#        C:\Users\rozzie\dev\splash\EWARM\splash\Obj\Global\rand.o
#        C:\Users\rozzie\dev\splash\EWARM\splash\Obj\App\req.o
#        C:\Users\rozzie\dev\splash\EWARM\splash\Obj\App\reqtask.o
#        C:\Users\rozzie\dev\splash\EWARM\splash\Obj\Core\rng.o
#        C:\Users\rozzie\dev\splash\EWARM\splash\Obj\Global\rrandom.o
#        C:\Users\rozzie\dev\splash\EWARM\splash\Obj\Core\rtc.o
#        C:\Users\rozzie\dev\splash\EWARM\splash\Obj\Core\sai.o
#        C:\Users\rozzie\dev\splash\EWARM\splash\Obj\App\serial.o
#        C:\Users\rozzie\dev\splash\EWARM\splash\Obj\Core\spi.o
#        C:\Users\rozzie\dev\splash\EWARM\splash\Obj\EWARM\startup_stm32l433xx.o
#        C:\Users\rozzie\dev\splash\EWARM\splash\Obj\Utilities\stm32_lpm.o
#        C:\Users\rozzie\dev\splash\EWARM\splash\Obj\Core\stm32_lpm_if.o
#        C:\Users\rozzie\dev\splash\EWARM\splash\Obj\Utilities\stm32_mem.o
#        C:\Users\rozzie\dev\splash\EWARM\splash\Obj\Utilities\stm32_timer.o
#        C:\Users\rozzie\dev\splash\EWARM\splash\Obj\Drivers\STM32L4xx_HAL_Driver\stm32l4xx_hal.o
#        C:\Users\rozzie\dev\splash\EWARM\splash\Obj\Drivers\STM32L4xx_HAL_Driver\stm32l4xx_hal_adc.o
#        C:\Users\rozzie\dev\splash\EWARM\splash\Obj\Drivers\STM32L4xx_HAL_Driver\stm32l4xx_hal_adc_ex.o
#        C:\Users\rozzie\dev\splash\EWARM\splash\Obj\Drivers\STM32L4xx_HAL_Driver\stm32l4xx_hal_can.o
#        C:\Users\rozzie\dev\splash\EWARM\splash\Obj\Drivers\STM32L4xx_HAL_Driver\stm32l4xx_hal_cortex.o
#        C:\Users\rozzie\dev\splash\EWARM\splash\Obj\Drivers\STM32L4xx_HAL_Driver\stm32l4xx_hal_dma.o
#        C:\Users\rozzie\dev\splash\EWARM\splash\Obj\Drivers\STM32L4xx_HAL_Driver\stm32l4xx_hal_dma_ex.o
#        C:\Users\rozzie\dev\splash\EWARM\splash\Obj\Drivers\STM32L4xx_HAL_Driver\stm32l4xx_hal_exti.o
#        C:\Users\rozzie\dev\splash\EWARM\splash\Obj\Drivers\STM32L4xx_HAL_Driver\stm32l4xx_hal_flash.o
#        C:\Users\rozzie\dev\splash\EWARM\splash\Obj\Drivers\STM32L4xx_HAL_Driver\stm32l4xx_hal_flash_ex.o
#        C:\Users\rozzie\dev\splash\EWARM\splash\Obj\Drivers\STM32L4xx_HAL_Driver\stm32l4xx_hal_flash_ramfunc.o
#        C:\Users\rozzie\dev\splash\EWARM\splash\Obj\Drivers\STM32L4xx_HAL_Driver\stm32l4xx_hal_gpio.o
#        C:\Users\rozzie\dev\splash\EWARM\splash\Obj\Drivers\STM32L4xx_HAL_Driver\stm32l4xx_hal_i2c.o
#        C:\Users\rozzie\dev\splash\EWARM\splash\Obj\Drivers\STM32L4xx_HAL_Driver\stm32l4xx_hal_lptim.o
#        C:\Users\rozzie\dev\splash\EWARM\splash\Obj\Core\stm32l4xx_hal_msp.o
#        C:\Users\rozzie\dev\splash\EWARM\splash\Obj\Drivers\STM32L4xx_HAL_Driver\stm32l4xx_hal_pcd.o
#        C:\Users\rozzie\dev\splash\EWARM\splash\Obj\Drivers\STM32L4xx_HAL_Driver\stm32l4xx_hal_pcd_ex.o
#        C:\Users\rozzie\dev\splash\EWARM\splash\Obj\Drivers\STM32L4xx_HAL_Driver\stm32l4xx_hal_pwr.o
#        C:\Users\rozzie\dev\splash\EWARM\splash\Obj\Drivers\STM32L4xx_HAL_Driver\stm32l4xx_hal_pwr_ex.o
#        C:\Users\rozzie\dev\splash\EWARM\splash\Obj\Drivers\STM32L4xx_HAL_Driver\stm32l4xx_hal_rcc.o
#        C:\Users\rozzie\dev\splash\EWARM\splash\Obj\Drivers\STM32L4xx_HAL_Driver\stm32l4xx_hal_rcc_ex.o
#        C:\Users\rozzie\dev\splash\EWARM\splash\Obj\Drivers\STM32L4xx_HAL_Driver\stm32l4xx_hal_rng.o
#        C:\Users\rozzie\dev\splash\EWARM\splash\Obj\Drivers\STM32L4xx_HAL_Driver\stm32l4xx_hal_rtc.o
#        C:\Users\rozzie\dev\splash\EWARM\splash\Obj\Drivers\STM32L4xx_HAL_Driver\stm32l4xx_hal_rtc_ex.o
#        C:\Users\rozzie\dev\splash\EWARM\splash\Obj\Drivers\STM32L4xx_HAL_Driver\stm32l4xx_hal_sai.o
#        C:\Users\rozzie\dev\splash\EWARM\splash\Obj\Drivers\STM32L4xx_HAL_Driver\stm32l4xx_hal_spi.o
#        C:\Users\rozzie\dev\splash\EWARM\splash\Obj\Drivers\STM32L4xx_HAL_Driver\stm32l4xx_hal_tim.o
#        C:\Users\rozzie\dev\splash\EWARM\splash\Obj\Drivers\STM32L4xx_HAL_Driver\stm32l4xx_hal_tim_ex.o
#        C:\Users\rozzie\dev\splash\EWARM\splash\Obj\Core\stm32l4xx_hal_timebase_tim.o
#        C:\Users\rozzie\dev\splash\EWARM\splash\Obj\Drivers\STM32L4xx_HAL_Driver\stm32l4xx_hal_uart.o
#        C:\Users\rozzie\dev\splash\EWARM\splash\Obj\Drivers\STM32L4xx_HAL_Driver\stm32l4xx_hal_uart_ex.o
#        C:\Users\rozzie\dev\splash\EWARM\splash\Obj\Drivers\STM32L4xx_HAL_Driver\stm32l4xx_hal_wwdg.o
#        C:\Users\rozzie\dev\splash\EWARM\splash\Obj\Core\stm32l4xx_it.o
#        C:\Users\rozzie\dev\splash\EWARM\splash\Obj\Drivers\STM32L4xx_HAL_Driver\stm32l4xx_ll_usb.o
#        C:\Users\rozzie\dev\splash\EWARM\splash\Obj\Middlewares\FreeRTOS\stream_buffer.o
#        C:\Users\rozzie\dev\splash\EWARM\splash\Obj\Global\strl.o
#        C:\Users\rozzie\dev\splash\EWARM\splash\Obj\Drivers\CMSIS\system_stm32l4xx.o
#        C:\Users\rozzie\dev\splash\EWARM\splash\Obj\Global\task.o
#        C:\Users\rozzie\dev\splash\EWARM\splash\Obj\Middlewares\FreeRTOS\tasks.o
#        C:\Users\rozzie\dev\splash\EWARM\splash\Obj\Global\timegm.o
#        C:\Users\rozzie\dev\splash\EWARM\splash\Obj\Global\timer.o
#        C:\Users\rozzie\dev\splash\EWARM\splash\Obj\Core\timer_if.o
#        C:\Users\rozzie\dev\splash\EWARM\splash\Obj\Middlewares\FreeRTOS\timers.o
#        C:\Users\rozzie\dev\splash\EWARM\splash\Obj\Global\tss.o
#        C:\Users\rozzie\dev\splash\EWARM\splash\Obj\Core\usart.o
#        C:\Users\rozzie\dev\splash\EWARM\splash\Obj\Core\usb_device.o
#        C:\Users\rozzie\dev\splash\EWARM\splash\Obj\Middlewares\USB\usbd_cdc.o
#        C:\Users\rozzie\dev\splash\EWARM\splash\Obj\Core\usbd_cdc_if.o
#        C:\Users\rozzie\dev\splash\EWARM\splash\Obj\Core\usbd_conf.o
#        C:\Users\rozzie\dev\splash\EWARM\splash\Obj\Middlewares\USB\usbd_core.o
#        C:\Users\rozzie\dev\splash\EWARM\splash\Obj\Middlewares\USB\usbd_ctlreq.o
#        C:\Users\rozzie\dev\splash\EWARM\splash\Obj\Core\usbd_desc.o
#        C:\Users\rozzie\dev\splash\EWARM\splash\Obj\Middlewares\USB\usbd_ioreq.o
#        C:\Users\rozzie\dev\splash\EWARM\splash\Obj\Core\wwdg.o
#        --no_out_extension -o
#        C:\Users\rozzie\dev\splash\EWARM\splash\Exe\splash.out --redirect
#        _Printf=_PrintfLargeNoMb --redirect _Scanf=_ScanfFullNoMb --map
#        C:\Users\rozzie\dev\splash\EWARM\splash\List\splash.map --config
#        C:\Users\rozzie\dev\splash\EWARM/stm32l433xx_flash.icf --semihosting
#        --entry __iar_program_start --vfe --threaded_lib --text_out locale)
#
###############################################################################

*******************************************************************************
*** RUNTIME MODEL ATTRIBUTES
***

CppFlavor                     = *
__CPP_Runtime                 = 1
__Heap_Handler                = DLMalloc
__SystemLibrary               = DLib
__dlib_dynamic_initialization = normal
__dlib_version                = 6


*******************************************************************************
*** HEAP SELECTION
***

The advanced heap was selected because the application calls memory
allocation functions outside of system library functions, and there
are calls to deallocation functions in the application.


*******************************************************************************
*** PLACEMENT SUMMARY
***

"A0":  place at address 0x800'0000 { ro section .intvec };
define block ROM_CONTENT with fixed order { ro };
"P1":  place in [from 0x800'0000 to 0x803'ffff] { block ROM_CONTENT };
define block CSTACK with size = 1K, alignment = 8 { };
define block HEAP with expanding size, minimum size = 4K, alignment = 8 { };
"P2":  place in [from 0x2000'0000 to 0x2000'ffff] {
          rw, block CSTACK, block HEAP };
initialize by copy { rw };

  Section                 Kind         Address      Size  Object
  -------                 ----         -------      ----  ------
"A0":                                              0x18c
  .intvec                 ro code   0x800'0000     0x18c  startup_stm32l433xx.o [5]
                                  - 0x800'018c     0x18c

"P1":                                           0x1'4919
  ROM_CONTENT                       0x800'018c  0x1'4919  <Block>
    .rodata               const     0x800'018c       0x8  app.o [1]
    .rodata               const     0x800'0194       0x8  debug.o [6]
    .rodata               const     0x800'019c       0x8  debug.o [6]
    .rodata               const     0x800'01a4       0x8  diag.o [1]
    .rodata               const     0x800'01ac       0x8  diag.o [1]
    .rodata               const     0x800'01b4       0x4  diag.o [1]
    .rodata               const     0x800'01b8       0x8  diag.o [1]
    .rodata               const     0x800'01c0       0xc  diag.o [1]
    .rodata               const     0x800'01cc       0x8  diag.o [1]
    .rodata               const     0x800'01d4       0x8  diag.o [1]
    .rodata               const     0x800'01dc      0x18  diag.o [1]
    .rodata               const     0x800'01f4      0x18  diag.o [1]
    .rodata               const     0x800'020c      0x18  diag.o [1]
    .rodata               const     0x800'0224       0xc  diag.o [1]
    .rodata               const     0x800'0230      0x10  diag.o [1]
    .rodata               const     0x800'0240      0x10  diag.o [1]
    .rodata               const     0x800'0250       0xc  diag.o [1]
    .rodata               const     0x800'025c      0x40  diag.o [1]
    .rodata               const     0x800'029c      0x30  gerr.o [6]
    .rodata               const     0x800'02cc      0x14  gerr.o [6]
    .rodata               const     0x800'02e0      0x18  gerr.o [6]
    .rodata               const     0x800'02f8      0x2c  gerr.o [6]
    .rodata               const     0x800'0324      0x24  gmem.o [6]
    .rodata               const     0x800'0348       0xc  gmem.o [6]
    .rodata               const     0x800'0354       0x4  heap_4.o [2]
    .rodata               const     0x800'0358       0x8  main.o [2]
    .rodata               const     0x800'0360       0x8  main.o [2]
    .rodata               const     0x800'0368       0x8  main.o [2]
    .rodata               const     0x800'0370       0x8  main.o [2]
    .rodata               const     0x800'0378       0xc  main.o [2]
    .rodata               const     0x800'0384       0x8  main.o [2]
    .rodata               const     0x800'038c       0x8  main.o [2]
    .rodata               const     0x800'0394       0x8  main.o [2]
    .rodata               const     0x800'039c       0x8  main.o [2]
    .rodata               const     0x800'03a4       0x8  main.o [2]
    .rodata               const     0x800'03ac       0x8  main.o [2]
    .rodata               const     0x800'03b4       0x8  maintask.o [1]
    .rodata               const     0x800'03bc      0x18  maintask.o [1]
    .rodata               const     0x800'03d4      0x10  maintask.o [1]
    .rodata               const     0x800'03e4      0x24  maintask.o [1]
    .rodata               const     0x800'0408      0x24  maintask.o [1]
    .rodata               const     0x800'042c       0x8  maintask.o [1]
    .rodata               const     0x800'0434      0x10  maintask.o [1]
    .rodata               const     0x800'0444      0x80  maintask.o [1]
    .rodata               const     0x800'04c4      0x34  mutex.o [6]
    .rodata               const     0x800'04f8      0x1c  mutex.o [6]
    .rodata               const     0x800'0514      0x18  mutex.o [6]
    .rodata               const     0x800'052c      0x20  mutex.o [6]
    .rodata               const     0x800'054c      0x48  mutex.o [6]
    .rodata               const     0x800'0594      0x2c  mutex.o [6]
    .rodata               const     0x800'05c0      0x4c  mutex.o [6]
    .rodata               const     0x800'060c       0x4  port.o [7]
    .rodata               const     0x800'0610       0xc  post.o [1]
    .rodata               const     0x800'061c       0x4  post.o [1]
    .rodata               const     0x800'0620       0x4  post.o [1]
    .rodata               const     0x800'0624       0x4  post.o [1]
    .rodata               const     0x800'0628       0x4  post.o [1]
    .rodata               const     0x800'062c       0x4  post.o [1]
    .rodata               const     0x800'0630       0x4  post.o [1]
    .rodata               const     0x800'0634       0x4  post.o [1]
    .rodata               const     0x800'0638       0x4  post.o [1]
    .rodata               const     0x800'063c       0x4  post.o [1]
    .rodata               const     0x800'0640       0x4  post.o [1]
    .rodata               const     0x800'0644       0x4  post.o [1]
    .rodata               const     0x800'0648       0x4  post.o [1]
    .rodata               const     0x800'064c       0x4  post.o [1]
    .rodata               const     0x800'0650      0x3c  post.o [1]
    .rodata               const     0x800'068c      0x28  post.o [1]
    .rodata               const     0x800'06b4      0x24  post.o [1]
    .rodata               const     0x800'06d8      0x28  post.o [1]
    .rodata               const     0x800'0700       0x8  post.o [1]
    .rodata               const     0x800'0708      0x10  post.o [1]
    .rodata               const     0x800'0718       0x8  post.o [1]
    .rodata               const     0x800'0720      0x14  post.o [1]
    .rodata               const     0x800'0734      0x14  post.o [1]
    .rodata               const     0x800'0748      0x10  post.o [1]
    .rodata               const     0x800'0758      0x14  post.o [1]
    .rodata               const     0x800'076c       0xc  post.o [1]
    .rodata               const     0x800'0778      0x28  post.o [1]
    .rodata               const     0x800'07a0      0x28  post.o [1]
    .rodata               const     0x800'07c8      0x2c  post.o [1]
    .rodata               const     0x800'07f4      0x20  post.o [1]
    .rodata               const     0x800'0814      0x28  post.o [1]
    .rodata               const     0x800'083c      0x14  post.o [1]
    .rodata               const     0x800'0850      0x14  post.o [1]
    .rodata               const     0x800'0864       0xc  post.o [1]
    .rodata               const     0x800'0870       0xc  post.o [1]
    .rodata               const     0x800'087c       0xc  post.o [1]
    .rodata               const     0x800'0888      0x18  post.o [1]
    .rodata               const     0x800'08a0      0x28  req.o [1]
    .rodata               const     0x800'08c8      0x20  req.o [1]
    .rodata               const     0x800'08e8       0x8  reqtask.o [1]
    .rodata               const     0x800'08f0       0x8  reqtask.o [1]
    .rodata               const     0x800'08f8       0x8  reqtask.o [1]
    .rodata               const     0x800'0900      0x60  rtc.o [2]
    .rodata               const     0x800'0960      0x28  serial.o [1]
    .rodata               const     0x800'0988      0x18  stm32_lpm_if.o [2]
    .rodata               const     0x800'09a0      0x10  system_stm32l4xx.o [3]
    .rodata               const     0x800'09b0       0x8  system_stm32l4xx.o [3]
    .rodata               const     0x800'09b8      0x30  system_stm32l4xx.o [3]
    .rodata               const     0x800'09e8      0x10  task.o [6]
    .rodata               const     0x800'09f8      0x10  task.o [6]
    .rodata               const     0x800'0a08      0x24  task.o [6]
    .rodata               const     0x800'0a2c      0x38  task.o [6]
    .rodata               const     0x800'0a64      0x20  task.o [6]
    .rodata               const     0x800'0a84       0x8  tasks.o [7]
    .rodata               const     0x800'0a8c      0x34  timer.o [6]
    .rodata               const     0x800'0ac0      0x14  timer.o [6]
    .rodata               const     0x800'0ad4      0x10  timer.o [6]
    .rodata               const     0x800'0ae4      0x2c  timer_if.o [2]
    .rodata               const     0x800'0b10      0x10  usart.o [2]
    .rodata               const     0x800'0b20      0x10  usart.o [2]
    .rodata               const     0x800'0b30      0x10  usart.o [2]
    .rodata               const     0x800'0b40       0x8  usbd_desc.o [2]
    .rodata               const     0x800'0b48       0xc  usbd_desc.o [2]
    .rodata               const     0x800'0b54       0xc  usbd_desc.o [2]
    .rodata               const     0x800'0b60      0x10  usbd_desc.o [2]
    .rodata               const     0x800'0b70      0x50  iar_Stoulx.o [10]
    .rodata               const     0x800'0bc0      0x44  logf.o [11]
    .text                 ro code   0x800'0c04      0xf2  app.o [1]
    .rodata               const     0x800'0cf6       0x2  diag.o [1]
    .text                 ro code   0x800'0cf8    0x1094  tasks.o [7]
    .text                 ro code   0x800'1d8c     0x380  stm32l4xx_hal_gpio.o [4]
    .text                 ro code   0x800'210c      0x40  button.o [1]
    .text                 ro code   0x800'214c     0x25c  task.o [6]
    .text                 ro code   0x800'23a8     0x558  rtc.o [2]
    .text                 ro code   0x800'2900     0x12c  stm32_lpm_if.o [2]
    .text                 ro code   0x800'2a2c     0x188  stm32l4xx_hal_timebase_tim.o [2]
    .text                 ro code   0x800'2bb4     0x5d8  serial.o [1]
    .text                 ro code   0x800'318c      0x28  os.o [6]
    .text                 ro code   0x800'31b4     0x1c8  debug_if.o [2]
    .text                 ro code   0x800'337c     0x2e4  heap_4.o [2]
    .text                 ro code   0x800'3660      0x66  ABImemset.o [12]
    .text                 ro code   0x800'36c6      0x9a  list.o [7]
    .text                 ro code   0x800'3760     0x1d4  port.o [7]
    .text                 ro code   0x800'3934      0x18  cmsis_os2.o [7]
    .text                 ro code   0x800'394c     0x160  port.o [7]
    .text                 ro code   0x800'3aac     0x214  timer.o [6]
    .text                 ro code   0x800'3cc0     0x1a8  reqtask.o [1]
    .text                 ro code   0x800'3e68      0xf0  debug.o [6]
    .text                 ro code   0x800'3f58      0xe0  tss.o [6]
    .text                 ro code   0x800'4038      0x1c  U32ToDbl.o [11]
    .text                 ro code   0x800'4054     0x246  DblDiv.o [11]
    .rodata               const     0x800'429a       0x2  xlocale_c.o [10]
    .text                 ro code   0x800'429c     0x1aa  DblMul.o [11]
    .rodata               const     0x800'4446       0x2  xlocale_c.o [10]
    .text                 ro code   0x800'4448     0xa12  stm32l4xx_hal_rtc.o [4]
    .text                 ro code   0x800'4e5a      0x1a  xsnprout.o [10]
    .text                 ro code   0x800'4e74     0x27e  stm32l4xx_it.o [2]
    .rodata               const     0x800'50f2       0x1  post.o [1]
    .rodata               const     0x800'50f3       0x1  xlocale_c.o [10]
    .text                 ro code   0x800'50f4     0x142  stm32l4xx_hal_rtc_ex.o [4]
    .text                 ro code   0x800'5238     0xc00  stm32l4xx_hal_rcc_ex.o [4]
    .text                 ro code   0x800'5e38     0x14c  stm32l4xx_hal_cortex.o [4]
    .text                 ro code   0x800'5f84      0x60  stm32l4xx_hal_pwr.o [4]
    .text                 ro code   0x800'5fe4     0xd70  usart.o [2]
    .text                 ro code   0x800'6d54      0x44  rng.o [2]
    .text                 ro code   0x800'6d98      0x88  dma.o [2]
    .text                 ro code   0x800'6e20     0x186  gpio.o [2]
    .text                 ro code   0x800'6fa8     0x120  stm32l4xx_hal_pwr_ex.o [4]
    .text                 ro code   0x800'70c8     0x20c  main.o [2]
    .text                 ro code   0x800'72d4     0xa1c  stm32l4xx_hal_rcc.o [4]
    .text                 ro code   0x800'7cf0     0x2c8  stm32l4xx_hal_tim.o [4]
    .text                 ro code   0x800'7fb8     0x294  mutex.o [6]
    .text                 ro code   0x800'824c      0x94  usb_device.o [2]
    .text                 ro code   0x800'82e0     0x258  array.o [6]
    .text                 ro code   0x800'8538      0xa6  ABImemcpy.o [12]
    .text                 ro code   0x800'85e0     0x10c  gmem.o [6]
    .text                 ro code   0x800'86ec      0x70  stm32l4xx_hal.o [4]
    .text                 ro code   0x800'875c    0x14d4  dlmalloc.o [10]
    .text                 ro code   0x800'9c30       0x4  heaptramp0.o [10]
    .text                 ro code   0x800'9c34      0x70  port.o [7]
    CODE                  ro code   0x800'9ca4      0xb0  portasm.o [7]
    .text                 ro code   0x800'9d54     0x274  I64DivMod.o [12]
    .text                 ro code   0x800'9fc8      0x42  strl.o [6]
    .text                 ro code   0x800'a00a      0x12  gmtime64.o [10]
    .text                 ro code   0x800'a01c      0xc4  led.o [1]
    .text                 ro code   0x800'a0e0      0x60  req.o [1]
    .text                 ro code   0x800'a140     0x1f8  gerr.o [6]
    .text                 ro code   0x800'a338      0x36  strlen.o [12]
    .text                 ro code   0x800'a370      0x3c  vsnprint.o [10]
    .text                 ro code   0x800'a3ac     0x118  timer_if.o [2]
    .text                 ro code   0x800'a4c4       0x2  stm32l4xx_hal_rtc_ex.o [4]
    .text                 ro code   0x800'a4c8      0xca  stm32l4xx_hal_lptim.o [4]
    .text                 ro code   0x800'a592    0x1124  stm32l4xx_hal_pcd.o [4]
    .text                 ro code   0x800'b6b8     0x224  stm32l4xx_hal_can.o [4]
    .text                 ro code   0x800'b8dc     0x77a  stm32l4xx_hal_i2c.o [4]
    .text                 ro code   0x800'c058    0x1468  stm32l4xx_hal_uart.o [4]
    .text                 ro code   0x800'd4c0     0x140  stm32l4xx_hal_spi.o [4]
    .text                 ro code   0x800'd600     0x42c  stm32l4xx_hal_dma.o [4]
    .text                 ro code   0x800'da2c     0x6a6  stm32l4xx_hal_sai.o [4]
    .text                 ro code   0x800'e0d4      0xf0  usbd_cdc_if.o [2]
    .text                 ro code   0x800'e1c4      0xb8  stm32l4xx_hal_uart_ex.o [4]
    .text                 ro code   0x800'e27c      0x3a  stm32l4xx_hal_rng.o [4]
    .text                 ro code   0x800'e2b8      0xbc  cmsis_os2.o [7]
    .text                 ro code   0x800'e374      0x72  strl.o [6]
    .text                 ro code   0x800'e3e6       0x2  stm32l4xx_hal_tim.o [4]
    .text                 ro code   0x800'e3e8       0x2  stm32l4xx_hal_tim.o [4]
    .text                 ro code   0x800'e3ea       0x2  stm32l4xx_hal_tim.o [4]
    .text                 ro code   0x800'e3ec       0x2  stm32l4xx_hal_tim.o [4]
    .text                 ro code   0x800'e3ee       0x2  stm32l4xx_hal_tim_ex.o [4]
    .text                 ro code   0x800'e3f0       0x2  stm32l4xx_hal_tim_ex.o [4]
    .text                 ro code   0x800'e3f2       0x2  stm32l4xx_hal_tim.o [4]
    .text                 ro code   0x800'e3f4       0x2  stm32l4xx_hal_tim_ex.o [4]
    .text                 ro code   0x800'e3f8     0x58e  queue.o [7]
    .text                 ro code   0x800'e988      0x44  snprintf.o [10]
    .text                 ro code   0x800'e9cc     0x568  usbd_core.o [8]
    .text                 ro code   0x800'ef34     0x700  usbd_cdc.o [8]
    .text                 ro code   0x800'f634      0x96  ABImemmove.o [12]
    .text                 ro code   0x800'f6cc      0x40  stm32l4xx_hal_msp.o [2]
    .text                 ro code   0x800'f70c      0x90  xsyslock_mtx.o [14]
    .text                 ro code   0x800'f79c       0x6  abort.o [10]
    .text                 ro code   0x800'f7a4      0x2c  xgetmemchunk.o [10]
    .text                 ro code   0x800'f7d0       0x2  I64DivZer.o [12]
    .text                 ro code   0x800'f7d4     0x164  xttotm64.o [10]
    .text                 ro code   0x800'f938     0x2cc  diag.o [1]
    .text                 ro code   0x800'fc04      0x68  memcmp.o [12]
    .text                 ro code   0x800'fc6c     0xd62  xprintflarge_nomb.o [10]
    .text                 ro code   0x801'09d0     0x208  stm32_timer.o [9]
    .text                 ro code   0x801'0bd8       0x2  stm32l4xx_hal_lptim.o [4]
    .text                 ro code   0x801'0bda       0x2  stm32l4xx_hal_lptim.o [4]
    .text                 ro code   0x801'0bdc       0x2  stm32l4xx_hal_lptim.o [4]
    .text                 ro code   0x801'0bde       0x2  stm32l4xx_hal_lptim.o [4]
    .text                 ro code   0x801'0be0       0x2  stm32l4xx_hal_lptim.o [4]
    .text                 ro code   0x801'0be2       0x2  stm32l4xx_hal_lptim.o [4]
    .text                 ro code   0x801'0be4     0x556  usbd_conf.o [2]
    .text                 ro code   0x801'113a     0xfd8  stm32l4xx_ll_usb.o [4]
    .text                 ro code   0x801'2112      0x80  stm32l4xx_hal_pcd_ex.o [4]
    .text                 ro code   0x801'2192       0x2  stm32l4xx_hal_can.o [4]
    .text                 ro code   0x801'2194       0x2  stm32l4xx_hal_can.o [4]
    .text                 ro code   0x801'2196       0x2  stm32l4xx_hal_can.o [4]
    .text                 ro code   0x801'2198       0x2  stm32l4xx_hal_can.o [4]
    .text                 ro code   0x801'219a       0x2  stm32l4xx_hal_can.o [4]
    .text                 ro code   0x801'219c       0x2  stm32l4xx_hal_can.o [4]
    .text                 ro code   0x801'219e       0x2  stm32l4xx_hal_can.o [4]
    .text                 ro code   0x801'21a0       0x2  stm32l4xx_hal_can.o [4]
    .text                 ro code   0x801'21a2       0x2  stm32l4xx_hal_can.o [4]
    .text                 ro code   0x801'21a4       0x2  stm32l4xx_hal_can.o [4]
    .text                 ro code   0x801'21a6       0x2  stm32l4xx_hal_can.o [4]
    .text                 ro code   0x801'21a8       0x2  stm32l4xx_hal_can.o [4]
    .text                 ro code   0x801'21aa       0x2  stm32l4xx_hal_can.o [4]
    .text                 ro code   0x801'21ac       0x2  stm32l4xx_hal_i2c.o [4]
    .text                 ro code   0x801'21ae       0x2  stm32l4xx_hal_i2c.o [4]
    .text                 ro code   0x801'21b0       0x2  stm32l4xx_hal_i2c.o [4]
    .text                 ro code   0x801'21b2       0x2  stm32l4xx_hal_i2c.o [4]
    .text                 ro code   0x801'21b4       0x2  stm32l4xx_hal_i2c.o [4]
    .text                 ro code   0x801'21b6       0x2  stm32l4xx_hal_i2c.o [4]
    .text                 ro code   0x801'21b8       0x2  stm32l4xx_hal_uart.o [4]
    .text                 ro code   0x801'21ba       0x2  stm32l4xx_hal_uart_ex.o [4]
    .text                 ro code   0x801'21bc       0x2  stm32l4xx_hal_uart.o [4]
    .text                 ro code   0x801'21be       0x2  stm32l4xx_hal_uart.o [4]
    .text                 ro code   0x801'21c0       0x2  stm32l4xx_hal_spi.o [4]
    .text                 ro code   0x801'21c4     0x184  sai.o [2]
    .text                 ro code   0x801'2348     0x2f8  maintask.o [1]
    .text                 ro code   0x801'2640     0x9d6  usbd_ctlreq.o [8]
    .text                 ro code   0x801'3016      0xac  usbd_ioreq.o [8]
    .text                 ro code   0x801'30c4     0x274  dlib_lock_glue.o [5]
    .text                 ro code   0x801'3338       0x4  xfiles.o [10]
    .text                 ro code   0x801'333c      0x14  xlockref.o [10]
    .text                 ro code   0x801'3350      0x14  exit.o [13]
    .text                 ro code   0x801'3364      0xcc  xDaysTo64.o [10]
    .text                 ro code   0x801'3430       0x6  xisdst_nop64.o [10]
    .text                 ro code   0x801'3436      0x14  ispunct.o [10]
    .text                 ro code   0x801'344c     0x14c  iar_Stoulx.o [10]
    .text                 ro code   0x801'3598      0x2c  strstr.o [10]
    .text                 ro code   0x801'35c4      0x12  strcmp.o [12]
    .text                 ro code   0x801'35d8     0x904  post.o [1]
    .text                 ro code   0x801'3edc      0x16  strchr.o [12]
    .text                 ro code   0x801'3ef4      0x40  xfail_s.o [10]
    .text                 ro code   0x801'3f34      0x58  memchr.o [12]
    .text                 ro code   0x801'3f8c      0x70  frexp.o [11]
    .text                 ro code   0x801'3ffc      0x22  DblToU32.o [11]
    .text                 ro code   0x801'4020     0x24e  DblAddSub.o [11]
    .text                 ro code   0x801'4270      0x70  xlocale_c.o [10]
    .text                 ro code   0x801'42e0      0x78  stm32_lpm.o [9]
    .text                 ro code   0x801'4358      0x48  U64ToFlt.o [11]
    .text                 ro code   0x801'43a0      0x1e  sqrtf.o [11]
    .text                 ro code   0x801'43c0      0xa4  log10f.o [11]
    .text                 ro code   0x801'4464      0x14  isspace.o [10]
    .text                 ro code   0x801'4478      0x14  tolower.o [10]
    .text                 ro code   0x801'448c      0xc0  logf.o [11]
    .text                 ro code   0x801'454c      0x10  startup_stm32l433xx.o [5]
    .text                 ro code   0x801'455c      0x10  system_stm32l4xx.o [3]
    .text                 ro code   0x801'456c     0x12c  usbd_desc.o [2]
    .text                 ro code   0x801'4698      0x14  toupper.o [10]
    .text                 ro code   0x801'46ac      0x1c  cstartup_M.o [12]
    .text                 ro code   0x801'46c8      0x22  fpinit_M.o [11]
    .text                 ro code   0x801'46ec      0x1e  cmain.o [12]
    .text                 ro code   0x801'470a       0x4  low_level_init.o [10]
    .text                 ro code   0x801'4710      0x28  data_init.o [12]
    .text                 ro code   0x801'4738       0x4  exit.o [10]
    .text                 ro code   0x801'473c       0xe  cexit.o [12]
    .text                 ro code   0x801'474c       0x0  cstart_clearlocks.o [12]
    .text                 ro code   0x801'474c      0x20  cmain_call_ctors.o [12]
    .text                 ro code   0x801'476c      0x18  cppinit.o [10]
    SHT$$PREINIT_ARRAY              0x801'4784       0x0  <Block>
    SHT$$INIT_ARRAY                 0x801'4784       0x4  <Block>
      .init_array         const     0x801'4784       0x4  dlib_lock_glue.o [5]
    __iar_tls$$INIT_ARRAY
                                    0x801'4788       0x0  <Block>
    .text                 ro code   0x801'4788       0x4  startup_stm32l433xx.o [5]
    .text                 ro code   0x801'478c       0x4  startup_stm32l433xx.o [5]
    .text                 ro code   0x801'4790       0x4  startup_stm32l433xx.o [5]
    .text                 ro code   0x801'4794       0x4  startup_stm32l433xx.o [5]
    .text                 ro code   0x801'4798       0x4  startup_stm32l433xx.o [5]
    .text                 ro code   0x801'479c       0x4  startup_stm32l433xx.o [5]
    .text                 ro code   0x801'47a0       0x4  startup_stm32l433xx.o [5]
    .text                 ro code   0x801'47a4       0x4  startup_stm32l433xx.o [5]
    .text                 ro code   0x801'47a8       0x4  startup_stm32l433xx.o [5]
    .text                 ro code   0x801'47ac       0x4  startup_stm32l433xx.o [5]
    .text                 ro code   0x801'47b0       0x4  startup_stm32l433xx.o [5]
    .text                 ro code   0x801'47b4       0x4  startup_stm32l433xx.o [5]
    .text                 ro code   0x801'47b8       0x4  startup_stm32l433xx.o [5]
    .text                 ro code   0x801'47bc       0x4  startup_stm32l433xx.o [5]
    .text                 ro code   0x801'47c0       0x4  startup_stm32l433xx.o [5]
    .text                 ro code   0x801'47c4       0x4  startup_stm32l433xx.o [5]
    .text                 ro code   0x801'47c8       0x4  startup_stm32l433xx.o [5]
    .text                 ro code   0x801'47cc       0x4  startup_stm32l433xx.o [5]
    .text                 ro code   0x801'47d0       0x4  startup_stm32l433xx.o [5]
    .text                 ro code   0x801'47d4       0x4  startup_stm32l433xx.o [5]
    .text                 ro code   0x801'47d8       0x4  startup_stm32l433xx.o [5]
    .text                 ro code   0x801'47dc       0x4  startup_stm32l433xx.o [5]
    .text                 ro code   0x801'47e0       0x4  startup_stm32l433xx.o [5]
    .text                 ro code   0x801'47e4       0x4  startup_stm32l433xx.o [5]
    .text                 ro code   0x801'47e8       0x4  startup_stm32l433xx.o [5]
    .text                 ro code   0x801'47ec       0x4  startup_stm32l433xx.o [5]
    .text                 ro code   0x801'47f0       0x4  startup_stm32l433xx.o [5]
    .text                 ro code   0x801'47f4       0x4  startup_stm32l433xx.o [5]
    .text                 ro code   0x801'47f8       0x4  startup_stm32l433xx.o [5]
    .text                 ro code   0x801'47fc       0x4  startup_stm32l433xx.o [5]
    .text                 ro code   0x801'4800       0x4  startup_stm32l433xx.o [5]
    .text                 ro code   0x801'4804       0x4  startup_stm32l433xx.o [5]
    .text                 ro code   0x801'4808       0x4  startup_stm32l433xx.o [5]
    .text                 ro code   0x801'480c      0x38  zero_init3.o [12]
    .text                 ro code   0x801'4844      0x78  lz77_init_single.o [12]
    .iar.init_table       const     0x801'48bc      0x24  - Linker created -
    .rodata               const     0x801'48e0       0x0  zero_init3.o [12]
    .rodata               const     0x801'48e0       0x0  lz77_init_single.o [12]
    Initializer bytes     const     0x801'48e0     0x1c5  <for P2-1>
                                  - 0x801'4aa5  0x1'4919

"P2", part 1 of 4:                                 0x353
  P2-1                             0x2000'0000     0x353  <Init block>
    .data                 inited   0x2000'0000      0x28  gerr.o [6]
    .data                 inited   0x2000'0028      0x28  mutex.o [6]
    .data                 inited   0x2000'0050      0x28  timer.o [6]
    .data                 inited   0x2000'0078       0x4  port.o [7]
    .data                 inited   0x2000'007c      0xb4  post.o [1]
    .data                 inited   0x2000'0130      0xa8  post.o [1]
    .data                 inited   0x2000'01d8       0x4  rtc.o [2]
    .data                 inited   0x2000'01dc       0x4  rtc.o [2]
    .data                 inited   0x2000'01e0       0x4  serial.o [1]
    .data                 inited   0x2000'01e4       0x4  stm32l4xx_hal.o [4]
    .data                 inited   0x2000'01e8       0x4  system_stm32l4xx.o [3]
    .data                 inited   0x2000'01ec       0x4  usart.o [2]
    .data                 inited   0x2000'01f0       0xc  usbd_cdc.o [8]
    .data                 inited   0x2000'01fc      0x38  usbd_cdc.o [8]
    .data                 inited   0x2000'0234      0x44  usbd_cdc.o [8]
    .data                 inited   0x2000'0278      0x14  usbd_cdc_if.o [2]
    .data                 inited   0x2000'028c      0x20  usbd_desc.o [2]
    .data                 inited   0x2000'02ac      0x14  usbd_desc.o [2]
    .data                 inited   0x2000'02c0       0xc  usbd_desc.o [2]
    .data                 inited   0x2000'02cc       0x4  usbd_desc.o [2]
    .data                 inited   0x2000'02d0      0x38  xlocale_c.o [10]
    .data                 inited   0x2000'0308      0x48  xlocale_c.o [10]
    .data                 inited   0x2000'0350       0x1  usbd_cdc.o [8]
    .data                 inited   0x2000'0351       0x1  usbd_cdc.o [8]
    .data                 inited   0x2000'0352       0x1  usbd_cdc.o [8]
                                 - 0x2000'0353     0x353

"P2", part 2 of 4:                                0x47c4
  .bss                    zero     0x2000'0354    0x1000  maintask.o [1]
  .bss                    zero     0x2000'1354     0x460  tasks.o [7]
  .bss                    zero     0x2000'17b4     0x400  usbd_cdc_if.o [2]
  .bss                    zero     0x2000'1bb4     0x400  usbd_cdc_if.o [2]
  .bss                    zero     0x2000'1fb4     0x300  gerr.o [6]
  .bss                    zero     0x2000'22b4     0x2f8  usbd_conf.o [2]
  .bss                    zero     0x2000'25ac     0x2dc  usb_device.o [2]
  .bss                    zero     0x2000'2888     0x258  serial.o [1]
  .bss                    zero     0x2000'2ae0     0x258  serial.o [1]
  .bss                    zero     0x2000'2d38     0x258  serial.o [1]
  .bss                    zero     0x2000'2f90     0x220  usbd_conf.o [2]
  .bss                    zero     0x2000'31b0     0x200  cmsis_os2.o [7]
  .bss                    zero     0x2000'33b0     0x200  usart.o [2]
  .bss                    zero     0x2000'35b0     0x200  usbd_desc.o [2]
  .bss                    zero     0x2000'37b0     0x1d8  dlmalloc.o [10]
  .bss                    zero     0x2000'3a00     0x194  main.o [2]
  .bss                    zero     0x2000'3b94     0x190  maintask.o [1]
  .bss                    zero     0x2000'3d24     0x100  post.o [1]
  .bss                    zero     0x2000'3e24      0x88  usart.o [2]
  .bss                    zero     0x2000'3eac      0x88  usart.o [2]
  .bss                    zero     0x2000'3f34      0x88  usart.o [2]
  .bss                    zero     0x2000'3fbc      0x84  sai.o [2]
  .bss                    zero     0x2000'4040      0x80  maintask.o [1]
  .bss                    zero     0x2000'40c0      0x80  post.o [1]
  .bss                    zero     0x2000'4140      0x80  post.o [1]
  .bss                    zero     0x2000'41c0      0x78  serial.o [1]
  .bss                    zero     0x2000'4238      0x64  spi.o [2]
  .bss                    zero     0x2000'429c      0x64  spi.o [2]
  .bss                    zero     0x2000'4300      0x60  serial.o [1]
  .bss                    zero     0x2000'4360      0x60  serial.o [1]
  .bss                    zero     0x2000'43c0      0x60  serial.o [1]
  .bss                    zero     0x2000'4420      0x5c  cmsis_os2.o [7]
  .bss                    zero     0x2000'447c      0x54  i2c.o [2]
  .bss                    zero     0x2000'44d0      0x54  i2c.o [2]
  .bss                    zero     0x2000'4524      0x4c  stm32l4xx_hal_timebase_tim.o [2]
  .bss                    zero     0x2000'4570      0x48  sai.o [2]
  .bss                    zero     0x2000'45b8      0x48  spi.o [2]
  .bss                    zero     0x2000'4600      0x48  spi.o [2]
  .bss                    zero     0x2000'4648      0x48  usart.o [2]
  .bss                    zero     0x2000'4690      0x48  usart.o [2]
  .bss                    zero     0x2000'46d8      0x48  usart.o [2]
  .bss                    zero     0x2000'4720      0x48  usart.o [2]
  .bss                    zero     0x2000'4768      0x38  lptim.o [2]
  .bss                    zero     0x2000'47a0      0x2c  xttotm64.o [10]
  .bss                    zero     0x2000'47cc      0x28  can.o [2]
  .bss                    zero     0x2000'47f4      0x24  rtc.o [2]
  .bss                    zero     0x2000'4818      0x20  gerr.o [6]
  .bss                    zero     0x2000'4838      0x20  xfiles.o [10]
  .bss                    zero     0x2000'4858      0x18  usart.o [2]
  .bss                    zero     0x2000'4870      0x18  usart.o [2]
  .bss                    zero     0x2000'4888      0x18  usart.o [2]
  .bss                    zero     0x2000'48a0      0x18  usart.o [2]
  .bss                    zero     0x2000'48b8      0x18  dlmalloc.o [10]
  .bss                    zero     0x2000'48d0      0x14  tasks.o [7]
  .bss                    zero     0x2000'48e4      0x14  tasks.o [7]
  .bss                    zero     0x2000'48f8      0x14  tasks.o [7]
  .bss                    zero     0x2000'490c      0x14  tasks.o [7]
  .bss                    zero     0x2000'4920      0x14  tasks.o [7]
  .bss                    zero     0x2000'4934       0xc  dlib_lock_glue.o [5]
  .bss                    zero     0x2000'4940      0x10  mutex.o [6]
  .bss                    zero     0x2000'4950      0x10  rng.o [2]
  .bss                    zero     0x2000'4960      0x10  task.o [6]
  .bss                    zero     0x2000'4970      0x10  tss.o [6]
  .bss                    zero     0x2000'4980      0x10  tss.o [6]
  .bss                    zero     0x2000'4990      0x10  xsyslock_mtx.o [14]
  .bss                    zero     0x2000'49a0       0xc  dlib_lock_glue.o [5]
  .bss                    zero     0x2000'49ac       0x4  cmsis_os2.o [7]
  .bss                    zero     0x2000'49b0       0x8  app.o [1]
  .bss                    zero     0x2000'49b8       0x8  button.o [1]
  .bss                    zero     0x2000'49c0       0x8  heap_4.o [2]
  .bss                    zero     0x2000'49c8       0x8  serial.o [1]
  .bss                    zero     0x2000'49d0       0x8  stm32l4xx_hal_timebase_tim.o [2]
  .bss                    zero     0x2000'49d8       0x8  stm32l4xx_hal_timebase_tim.o [2]
  .bss                    zero     0x2000'49e0       0x8  task.o [6]
  .bss                    zero     0x2000'49e8       0x8  task.o [6]
  .bss                    zero     0x2000'49f0       0x8  task.o [6]
  .bss                    zero     0x2000'49f8       0x8  tasks.o [7]
  .bss                    zero     0x2000'4a00       0x8  tasks.o [7]
  .bss                    zero     0x2000'4a08       0x8  tasks.o [7]
  .bss                    zero     0x2000'4a10       0x8  tasks.o [7]
  .bss                    zero     0x2000'4a18       0x8  timer.o [6]
  .bss                    zero     0x2000'4a20       0x8  tss.o [6]
  .bss                    zero     0x2000'4a28       0x8  tss.o [6]
  .bss                    zero     0x2000'4a30       0x4  debug.o [6]
  .bss                    zero     0x2000'4a34       0x4  debug_if.o [2]
  .bss                    zero     0x2000'4a38       0x4  dma.o [2]
  .bss                    zero     0x2000'4a3c       0x4  gmem.o [6]
  .bss                    zero     0x2000'4a40       0x4  gmem.o [6]
  .bss                    zero     0x2000'4a44       0x4  heap_4.o [2]
  .bss                    zero     0x2000'4a48       0x4  heap_4.o [2]
  .bss                    zero     0x2000'4a4c       0x4  heap_4.o [2]
  .bss                    zero     0x2000'4a50       0x4  heap_4.o [2]
  .bss                    zero     0x2000'4a54       0x4  heap_4.o [2]
  .bss                    zero     0x2000'4a58       0x4  heap_4.o [2]
  .bss                    zero     0x2000'4a5c       0x4  heap_4.o [2]
  .bss                    zero     0x2000'4a60       0x4  heap_4.o [2]
  .bss                    zero     0x2000'4a64       0x4  heap_4.o [2]
  .bss                    zero     0x2000'4a68       0x4  main.o [2]
  .bss                    zero     0x2000'4a6c       0x4  maintask.o [1]
  .bss                    zero     0x2000'4a70       0x4  maintask.o [1]
  .bss                    zero     0x2000'4a74       0x4  port.o [7]
  .bss                    zero     0x2000'4a78       0x4  port.o [7]
  .bss                    zero     0x2000'4a7c       0x4  port.o [7]
  .bss                    zero     0x2000'4a80       0x4  port.o [7]
  .bss                    zero     0x2000'4a84       0x4  reqtask.o [1]
  .bss                    zero     0x2000'4a88       0x4  rtc.o [2]
  .bss                    zero     0x2000'4a8c       0x4  rtc.o [2]
  .bss                    zero     0x2000'4a90       0x4  rtc.o [2]
  .bss                    zero     0x2000'4a94       0x4  serial.o [1]
  .bss                    zero     0x2000'4a98       0x4  stm32_lpm.o [9]
  .bss                    zero     0x2000'4a9c       0x4  stm32_lpm.o [9]
  .bss                    zero     0x2000'4aa0       0x4  stm32_lpm_if.o [2]
  .bss                    zero     0x2000'4aa4       0x4  stm32_timer.o [9]
  .bss                    zero     0x2000'4aa8       0x4  stm32l4xx_hal_timebase_tim.o [2]
  .bss                    zero     0x2000'4aac       0x4  tasks.o [7]
  .bss                    zero     0x2000'4ab0       0x4  tasks.o [7]
  .bss                    zero     0x2000'4ab4       0x4  tasks.o [7]
  .bss                    zero     0x2000'4ab8       0x4  tasks.o [7]
  .bss                    zero     0x2000'4abc       0x4  tasks.o [7]
  .bss                    zero     0x2000'4ac0       0x4  tasks.o [7]
  .bss                    zero     0x2000'4ac4       0x4  tasks.o [7]
  .bss                    zero     0x2000'4ac8       0x4  tasks.o [7]
  .bss                    zero     0x2000'4acc       0x4  tasks.o [7]
  .bss                    zero     0x2000'4ad0       0x4  tasks.o [7]
  .bss                    zero     0x2000'4ad4       0x4  tasks.o [7]
  .bss                    zero     0x2000'4ad8       0x4  tasks.o [7]
  .bss                    zero     0x2000'4adc       0x4  tasks.o [7]
  .bss                    zero     0x2000'4ae0       0x4  tasks.o [7]
  .bss                    zero     0x2000'4ae4       0x4  tasks.o [7]
  .bss                    zero     0x2000'4ae8       0x4  timer_if.o [2]
  .bss                    zero     0x2000'4aec       0x4  usart.o [2]
  .bss                    zero     0x2000'4af0       0x4  usart.o [2]
  .bss                    zero     0x2000'4af4       0x4  usart.o [2]
  .bss                    zero     0x2000'4af8       0x4  usart.o [2]
  .bss                    zero     0x2000'4afc       0x4  xfail_s.o [10]
  .bss                    zero     0x2000'4b00       0x4  xgetmemchunk.o [10]
  .bss                    zero     0x2000'4b04       0x2  gerr.o [6]
  .bss                    zero     0x2000'4b06       0x2  gerr.o [6]
  .bss                    zero     0x2000'4b08       0x2  task.o [6]
  .bss                    zero     0x2000'4b0a       0x1  debug_if.o [2]
  .bss                    zero     0x2000'4b0b       0x1  port.o [7]
  .bss                    zero     0x2000'4b0c       0x1  post.o [1]
  .bss                    zero     0x2000'4b0d       0x1  reqtask.o [1]
  .bss                    zero     0x2000'4b0e       0x1  rtc.o [2]
  .bss                    zero     0x2000'4b0f       0x1  serial.o [1]
  .bss                    zero     0x2000'4b10       0x1  stm32_lpm_if.o [2]
  .bss                    zero     0x2000'4b11       0x1  timer_if.o [2]
  .bss                    zero     0x2000'4b12       0x1  tss.o [6]
  .bss                    zero     0x2000'4b13       0x1  usart.o [2]
  .bss                    zero     0x2000'4b14       0x1  usart.o [2]
  .bss                    zero     0x2000'4b15       0x1  usbd_ctlreq.o [8]
                                 - 0x2000'4b16    0x47c2

"P2", part 3 of 4:                                 0x4c0
  .noinit                 uninit   0x2000'4b18      0x80  dlib_lock_glue.o [5]
  .noinit                 uninit   0x2000'4b98      0x40  dlib_lock_glue.o [5]
  CSTACK                           0x2000'4bd8     0x400  <Block>
    CSTACK                uninit   0x2000'4bd8     0x400  <Block tail>
                                 - 0x2000'4fd8     0x4c0

"P2", part 4 of 4:                                0xb028
  HEAP                             0x2000'4fd8    0xb028  <Block>
    HEAP                  uninit   0x2000'4fd8    0xb028  <Block tail>
                                 - 0x2001'0000    0xb028

Unused ranges:

         From           To      Size
         ----           --      ----
   0x801'4aa5   0x803'ffff  0x2'b55b
  0x2000'0353  0x2000'0353       0x1


*******************************************************************************
*** INIT TABLE
***

          Address      Size
          -------      ----
Zero (__iar_zero_init3)
    1 destination range, total size 0x47c2:
          0x2000'0354  0x47c2

Copy/lz77 (__iar_lz77_init_single3)
    1 source range, total size 0x1c5 (53% of destination):
           0x801'48e0   0x1c5
    1 destination range, total size 0x353:
          0x2000'0000   0x353

Extra (__iar_cstart_call_ctors)



*******************************************************************************
*** MODULE SUMMARY
***

    Module                        ro code  ro data  rw data
    ------                        -------  -------  -------
command line/config:
    -------------------------------------------------------
    Total:

C:\Users\rozzie\dev\splash\EWARM\splash\Obj\App: [1]
    app.o                             242        8        8
    button.o                           64                 8
    diag.o                            716      250
    led.o                             196
    maintask.o                        760      272    4'632
    post.o                          2'308      842      861
    req.o                              96       72
    reqtask.o                         424       24        5
    serial.o                        1'496       42    2'225
    -------------------------------------------------------
    Total:                          6'302    1'510    7'739

C:\Users\rozzie\dev\splash\EWARM\splash\Obj\Core: [2]
    can.o                                                40
    debug_if.o                        456                 5
    dma.o                             136                 4
    gpio.o                            390
    heap_4.o                          740        4       44
    i2c.o                                               168
    lptim.o                                              56
    main.o                            524       92      408
    rng.o                              68                16
    rtc.o                           1'368      100       57
    sai.o                             388               204
    spi.o                                               344
    stm32_lpm_if.o                    300       24        5
    stm32l4xx_hal_msp.o                64
    stm32l4xx_hal_timebase_tim.o      392                96
    stm32l4xx_it.o                    638
    timer_if.o                        280       44        5
    usart.o                         3'440       51    1'326
    usb_device.o                      148               732
    usbd_cdc_if.o                     240       11    2'068
    usbd_conf.o                     1'366             1'304
    usbd_desc.o                       300       84      580
    -------------------------------------------------------
    Total:                         11'238      410    7'462

C:\Users\rozzie\dev\splash\EWARM\splash\Obj\Drivers\CMSIS: [3]
    system_stm32l4xx.o                 16       74        4
    -------------------------------------------------------
    Total:                             16       74        4

C:\Users\rozzie\dev\splash\EWARM\splash\Obj\Drivers\STM32L4xx_HAL_Driver: [4]
    stm32l4xx_hal.o                   112        2        4
    stm32l4xx_hal_can.o               574
    stm32l4xx_hal_cortex.o            332
    stm32l4xx_hal_dma.o             1'068
    stm32l4xx_hal_gpio.o              896
    stm32l4xx_hal_i2c.o             1'926
    stm32l4xx_hal_lptim.o             214
    stm32l4xx_hal_pcd.o             4'388
    stm32l4xx_hal_pcd_ex.o            128
    stm32l4xx_hal_pwr.o                96
    stm32l4xx_hal_pwr_ex.o            288
    stm32l4xx_hal_rcc.o             2'588
    stm32l4xx_hal_rcc_ex.o          3'072
    stm32l4xx_hal_rng.o                58
    stm32l4xx_hal_rtc.o             2'578
    stm32l4xx_hal_rtc_ex.o            324
    stm32l4xx_hal_sai.o             1'702
    stm32l4xx_hal_spi.o               322
    stm32l4xx_hal_tim.o               722
    stm32l4xx_hal_tim_ex.o              6
    stm32l4xx_hal_uart.o            5'230
    stm32l4xx_hal_uart_ex.o           186
    stm32l4xx_ll_usb.o              4'056
    -------------------------------------------------------
    Total:                         30'866        2        4

C:\Users\rozzie\dev\splash\EWARM\splash\Obj\EWARM: [5]
    dlib_lock_glue.o                  628        4      216
    startup_stm32l433xx.o             544
    -------------------------------------------------------
    Total:                          1'172        4      216

C:\Users\rozzie\dev\splash\EWARM\splash\Obj\Global: [6]
    array.o                           600
    debug.o                           240       16        4
    gerr.o                            504      157      844
    gmem.o                            268       48        8
    mutex.o                           660      349       56
    os.o                               40
    strl.o                            180
    task.o                            604      156       42
    timer.o                           532      109       48
    tss.o                             224                49
    -------------------------------------------------------
    Total:                          3'852      835    1'051

C:\Users\rozzie\dev\splash\EWARM\splash\Obj\Middlewares\FreeRTOS: [7]
    cmsis_os2.o                       212               608
    list.o                            154
    port.o                            932        7       21
    portasm.o                         176
    queue.o                         1'422
    tasks.o                         4'244        8    1'312
    -------------------------------------------------------
    Total:                          7'140       15    1'941

C:\Users\rozzie\dev\splash\EWARM\splash\Obj\Middlewares\USB: [8]
    usbd_cdc.o                      1'792       74      139
    usbd_core.o                     1'384
    usbd_ctlreq.o                   2'518                 1
    usbd_ioreq.o                      172
    -------------------------------------------------------
    Total:                          5'866       74      140

C:\Users\rozzie\dev\splash\EWARM\splash\Obj\Utilities: [9]
    stm32_lpm.o                       120                 8
    stm32_timer.o                     520                 4
    -------------------------------------------------------
    Total:                            640                12

dl7M_tlf.a: [10]
    abort.o                             6
    cppinit.o                          24
    dlmalloc.o                      5'332               496
    exit.o                              4
    gmtime64.o                         18
    heaptramp0.o                        4
    iar_Stoulx.o                      332       80
    ispunct.o                          20
    isspace.o                          20
    low_level_init.o                    4
    snprintf.o                         68
    strstr.o                           44
    tolower.o                          20
    toupper.o                          20
    vsnprint.o                         60
    xDaysTo64.o                       204
    xfail_s.o                          64                 4
    xfiles.o                            4                32
    xgetmemchunk.o                     44                 4
    xisdst_nop64.o                      6
    xlocale_c.o                       112       73      128
    xlockref.o                         20
    xprintflarge_nomb.o             3'426
    xsnprout.o                         26
    xttotm64.o                        356                44
    -------------------------------------------------------
    Total:                         10'238      153      708

m7M_tls.a: [11]
    DblAddSub.o                       590
    DblDiv.o                          582
    DblMul.o                          426
    DblToU32.o                         34
    U32ToDbl.o                         28
    U64ToFlt.o                         72
    fpinit_M.o                         34
    frexp.o                           112
    log10f.o                          164
    logf.o                            192       68
    sqrtf.o                            30
    -------------------------------------------------------
    Total:                          2'264       68

rt7M_tl.a: [12]
    ABImemcpy.o                       166
    ABImemmove.o                      150
    ABImemset.o                       102
    I64DivMod.o                       628
    I64DivZer.o                         2
    cexit.o                            14
    cmain.o                            30
    cmain_call_ctors.o                 32
    cstart_clearlocks.o
    cstartup_M.o                       28
    data_init.o                        40
    lz77_init_single.o                120
    memchr.o                           88
    memcmp.o                          104
    strchr.o                           22
    strcmp.o                           18
    strlen.o                           54
    zero_init3.o                       56
    -------------------------------------------------------
    Total:                          1'654

shb_l.a: [13]
    exit.o                             20
    -------------------------------------------------------
    Total:                             20

th7M_tlf.a: [14]
    xsyslock_mtx.o                    144                16
    -------------------------------------------------------
    Total:                            144                16

    Gaps                               52               120
    Linker created                              36   46'120
-----------------------------------------------------------
    Grand Total:                   81'464    3'181   65'533


*******************************************************************************
*** ENTRY LIST
***

Entry                       Address    Size  Type      Object
-----                       -------    ----  ----      ------
.iar.init_table$$Base    0x801'48bc           --   Gb  - Linker created -
.iar.init_table$$Limit   0x801'48e0           --   Gb  - Linker created -
?main                    0x801'46ed          Code  Gb  cmain.o [12]
AHBPrescTable            0x800'09a0    0x10  Data  Gb  system_stm32l4xx.o [3]
APBPrescTable            0x800'09b0     0x8  Data  Gb  system_stm32l4xx.o [3]
BusFault_Handler         0x800'4eb3     0xc  Code  Gb  stm32l4xx_it.o [2]
CAN1_RX0_IRQHandler      0x800'4f35     0xa  Code  Gb  stm32l4xx_it.o [2]
CAN1_RX1_IRQHandler      0x800'4f3f     0xa  Code  Gb  stm32l4xx_it.o [2]
CAN1_SCE_IRQHandler      0x800'4f49     0xa  Code  Gb  stm32l4xx_it.o [2]
CAN1_TX_IRQHandler       0x800'4f2b     0xa  Code  Gb  stm32l4xx_it.o [2]
CDCCmdEpAdd             0x2000'0352     0x1  Data  Lc  usbd_cdc.o [8]
CDCInEpAdd              0x2000'0350     0x1  Data  Lc  usbd_cdc.o [8]
CDCOutEpAdd             0x2000'0351     0x1  Data  Lc  usbd_cdc.o [8]
CDC_Control_FS           0x800'e0f3    0x42  Code  Lc  usbd_cdc_if.o [2]
CDC_DeInit_FS            0x800'e0ef     0x4  Code  Lc  usbd_cdc_if.o [2]
CDC_Init_FS              0x800'e0d5    0x1a  Code  Lc  usbd_cdc_if.o [2]
CDC_Receive_FS           0x800'e135    0x22  Code  Lc  usbd_cdc_if.o [2]
CDC_TransmitCplt_FS      0x800'e1bd     0x8  Code  Lc  usbd_cdc_if.o [2]
CDC_Transmit_Completed   0x800'e195    0x1a  Code  Gb  usbd_cdc_if.o [2]
CDC_Transmit_FS          0x800'e157    0x3e  Code  Gb  usbd_cdc_if.o [2]
CSTACK$$Base            0x2000'4bd8           --   Gb  - Linker created -
CSTACK$$Limit           0x2000'4fd8           --   Gb  - Linker created -
DMA1_Channel4_IRQHandler
                         0x800'4fc5     0xa  Code  Gb  stm32l4xx_it.o [2]
DMA1_Channel5_IRQHandler
                         0x800'4fcf     0xa  Code  Gb  stm32l4xx_it.o [2]
DMA1_Channel6_IRQHandler
                         0x800'4fd9     0xa  Code  Gb  stm32l4xx_it.o [2]
DMA1_Channel7_IRQHandler
                         0x800'4fe3     0xa  Code  Gb  stm32l4xx_it.o [2]
DMA2_Channel1_IRQHandler
                         0x800'5001     0xa  Code  Gb  stm32l4xx_it.o [2]
DMA2_Channel6_IRQHandler
                         0x800'4fed     0xa  Code  Gb  stm32l4xx_it.o [2]
DMA2_Channel7_IRQHandler
                         0x800'4ff7     0xa  Code  Gb  stm32l4xx_it.o [2]
DMA_SetConfig            0x800'd9fb    0x32  Code  Lc  stm32l4xx_hal_dma.o [4]
DebugMon_Handler         0x800'4ec7     0x2  Code  Gb  stm32l4xx_it.o [2]
EXTI0_IRQHandler         0x800'50a9     0xa  Code  Gb  stm32l4xx_it.o [2]
EXTI15_10_IRQHandler     0x800'50e7     0xc  Code  Gb  stm32l4xx_it.o [2]
EXTI1_IRQHandler         0x800'50b3     0xa  Code  Gb  stm32l4xx_it.o [2]
EXTI2_IRQHandler         0x800'50bd     0xa  Code  Gb  stm32l4xx_it.o [2]
EXTI3_IRQHandler         0x800'50c7     0xa  Code  Gb  stm32l4xx_it.o [2]
EXTI4_IRQHandler         0x800'50d1     0xa  Code  Gb  stm32l4xx_it.o [2]
EXTI9_5_IRQHandler       0x800'50db     0xc  Code  Gb  stm32l4xx_it.o [2]
Error_Handler            0x800'4ec9     0xc  Code  Gb  stm32l4xx_it.o [2]
FS_Desc                 0x2000'028c    0x20  Data  Gb  usbd_desc.o [2]
FailReason              0x2000'4140    0x80  Data  Gb  post.o [1]
FailTest                0x2000'40c0    0x80  Data  Gb  post.o [1]
GPIO_EXTI_IRQHandler     0x800'5023    0x24  Code  Gb  stm32l4xx_it.o [2]
HAL_CAN_IRQHandler       0x800'b6b9   0x224  Code  Gb  stm32l4xx_hal_can.o [4]
HAL_DBGMCU_DisableDBGSleepMode
                         0x800'871d     0xc  Code  Gb  stm32l4xx_hal.o [4]
HAL_DBGMCU_DisableDBGStandbyMode
                         0x800'874d     0xc  Code  Gb  stm32l4xx_hal.o [4]
HAL_DBGMCU_DisableDBGStopMode
                         0x800'8735     0xc  Code  Gb  stm32l4xx_hal.o [4]
HAL_DBGMCU_EnableDBGSleepMode
                         0x800'8711     0xc  Code  Gb  stm32l4xx_hal.o [4]
HAL_DBGMCU_EnableDBGStandbyMode
                         0x800'8741     0xc  Code  Gb  stm32l4xx_hal.o [4]
HAL_DBGMCU_EnableDBGStopMode
                         0x800'8729     0xc  Code  Gb  stm32l4xx_hal.o [4]
HAL_DMA_Abort            0x800'd84d    0x54  Code  Gb  stm32l4xx_hal_dma.o [4]
HAL_DMA_Abort_IT         0x800'd8a1    0x5e  Code  Gb  stm32l4xx_hal_dma.o [4]
HAL_DMA_DeInit           0x800'd6e1    0xb8  Code  Gb  stm32l4xx_hal_dma.o [4]
HAL_DMA_GetError         0x800'd9f7     0x4  Code  Gb  stm32l4xx_hal_dma.o [4]
HAL_DMA_GetState         0x800'd9f1     0x6  Code  Gb  stm32l4xx_hal_dma.o [4]
HAL_DMA_IRQHandler       0x800'd8ff    0xf2  Code  Gb  stm32l4xx_hal_dma.o [4]
HAL_DMA_Init             0x800'd601    0xe0  Code  Gb  stm32l4xx_hal_dma.o [4]
HAL_DMA_Start_IT         0x800'd7b5    0x98  Code  Gb  stm32l4xx_hal_dma.o [4]
HAL_Delay                0x800'2b33    0x24  Code  Gb  stm32l4xx_hal_timebase_tim.o [2]
HAL_GPIO_DeInit          0x800'1f4f   0x166  Code  Gb  stm32l4xx_hal_gpio.o [4]
HAL_GPIO_EXTI_Callback   0x800'5015     0xe  Code  Gb  stm32l4xx_it.o [2]
HAL_GPIO_Init            0x800'1d8d   0x1c2  Code  Gb  stm32l4xx_hal_gpio.o [4]
HAL_GPIO_ReadPin         0x800'20b5    0x16  Code  Gb  stm32l4xx_hal_gpio.o [4]
HAL_GPIO_WritePin        0x800'20cb    0x18  Code  Gb  stm32l4xx_hal_gpio.o [4]
HAL_GetTick              0x800'2b57    0x1c  Code  Gb  stm32l4xx_hal_timebase_tim.o [2]
HAL_I2C_ER_IRQHandler    0x800'b8fb    0x66  Code  Gb  stm32l4xx_hal_i2c.o [4]
HAL_I2C_EV_IRQHandler    0x800'b8dd    0x1e  Code  Gb  stm32l4xx_hal_i2c.o [4]
HAL_IncTick              0x800'2b19    0x1a  Code  Gb  stm32l4xx_hal_timebase_tim.o [2]
HAL_Init                 0x800'86ed    0x24  Code  Gb  stm32l4xx_hal.o [4]
HAL_InitTick             0x800'2a2d    0xb6  Code  Gb  stm32l4xx_hal_timebase_tim.o [2]
HAL_LPTIM_CompareMatchCallback
                         0x800'4efd    0x12  Code  Gb  stm32l4xx_it.o [2]
HAL_LPTIM_IRQHandler     0x800'a4c9    0xca  Code  Gb  stm32l4xx_hal_lptim.o [4]
HAL_MspInit              0x800'f6cd    0x40  Code  Gb  stm32l4xx_hal_msp.o [2]
HAL_NVIC_DisableIRQ      0x800'5f5d     0xe  Code  Gb  stm32l4xx_hal_cortex.o [4]
HAL_NVIC_EnableIRQ       0x800'5f4f     0xe  Code  Gb  stm32l4xx_hal_cortex.o [4]
HAL_NVIC_SetPriority     0x800'5f25    0x2a  Code  Gb  stm32l4xx_hal_cortex.o [4]
HAL_NVIC_SetPriorityGrouping
                         0x800'5f19     0xc  Code  Gb  stm32l4xx_hal_cortex.o [4]
HAL_PCDEx_ActivateLPM    0x801'2167    0x2c  Code  Gb  stm32l4xx_hal_pcd_ex.o [4]
HAL_PCDEx_LPM_Callback   0x801'10c7    0x4c  Code  Gb  usbd_conf.o [2]
HAL_PCDEx_PMAConfig      0x801'2113    0x54  Code  Gb  stm32l4xx_hal_pcd_ex.o [4]
HAL_PCD_DataInStageCallback
                         0x801'0c9d    0x22  Code  Gb  usbd_conf.o [2]
HAL_PCD_DataOutStageCallback
                         0x801'0c79    0x24  Code  Gb  usbd_conf.o [2]
HAL_PCD_DeInit           0x800'a6f7    0x30  Code  Gb  stm32l4xx_hal_pcd.o [4]
HAL_PCD_EP_Close         0x800'a9e9    0x6a  Code  Gb  stm32l4xx_hal_pcd.o [4]
HAL_PCD_EP_ClrStall      0x800'ab8f    0x80  Code  Gb  stm32l4xx_hal_pcd.o [4]
HAL_PCD_EP_DB_Receive    0x800'b109   0x148  Code  Lc  stm32l4xx_hal_pcd.o [4]
HAL_PCD_EP_DB_Transmit   0x800'b251   0x466  Code  Lc  stm32l4xx_hal_pcd.o [4]
HAL_PCD_EP_GetRxCount    0x800'aa9d    0x12  Code  Gb  stm32l4xx_hal_pcd.o [4]
HAL_PCD_EP_Open          0x800'a951    0x98  Code  Gb  stm32l4xx_hal_pcd.o [4]
HAL_PCD_EP_Receive       0x800'aa53    0x4a  Code  Gb  stm32l4xx_hal_pcd.o [4]
HAL_PCD_EP_SetStall      0x800'ab03    0x8c  Code  Gb  stm32l4xx_hal_pcd.o [4]
HAL_PCD_EP_Transmit      0x800'aaaf    0x54  Code  Gb  stm32l4xx_hal_pcd.o [4]
HAL_PCD_IRQHandler       0x800'a77f   0x1a2  Code  Gb  stm32l4xx_hal_pcd.o [4]
HAL_PCD_Init             0x800'a593   0x164  Code  Gb  stm32l4xx_hal_pcd.o [4]
HAL_PCD_MspDeInit        0x801'0c45    0x22  Code  Gb  usbd_conf.o [2]
HAL_PCD_MspInit          0x801'0be5    0x60  Code  Gb  usbd_conf.o [2]
HAL_PCD_ResetCallback    0x801'0ccd    0x26  Code  Gb  usbd_conf.o [2]
HAL_PCD_ResumeCallback   0x801'0d13    0x24  Code  Gb  usbd_conf.o [2]
HAL_PCD_SOFCallback      0x801'0cbf     0xe  Code  Gb  usbd_conf.o [2]
HAL_PCD_SetAddress       0x800'a921    0x30  Code  Gb  stm32l4xx_hal_pcd.o [4]
HAL_PCD_SetupStageCallback
                         0x801'0c67    0x12  Code  Gb  usbd_conf.o [2]
HAL_PCD_Start            0x800'a727    0x2c  Code  Gb  stm32l4xx_hal_pcd.o [4]
HAL_PCD_Stop             0x800'a753    0x2c  Code  Gb  stm32l4xx_hal_pcd.o [4]
HAL_PCD_SuspendCallback
                         0x801'0cf3    0x20  Code  Gb  usbd_conf.o [2]
HAL_PWREx_ControlVoltageScaling
                         0x800'6fb5    0x76  Code  Gb  stm32l4xx_hal_pwr_ex.o [4]
HAL_PWREx_DisableLowPowerRunMode
                         0x800'7045    0x38  Code  Gb  stm32l4xx_hal_pwr_ex.o [4]
HAL_PWREx_EnableLowPowerRunMode
                         0x800'7039     0xc  Code  Gb  stm32l4xx_hal_pwr_ex.o [4]
HAL_PWREx_EnableVddUSB   0x800'702b     0xe  Code  Gb  stm32l4xx_hal_pwr_ex.o [4]
HAL_PWREx_EnterSTOP2Mode
                         0x800'707d    0x32  Code  Gb  stm32l4xx_hal_pwr_ex.o [4]
HAL_PWREx_GetVoltageRange
                         0x800'6fa9     0xc  Code  Gb  stm32l4xx_hal_pwr_ex.o [4]
HAL_PWR_EnableBkUpAccess
                         0x800'5f85     0xc  Code  Gb  stm32l4xx_hal_pwr.o [4]
HAL_PWR_EnterSLEEPMode   0x800'5f91    0x46  Code  Gb  stm32l4xx_hal_pwr.o [4]
HAL_RCCEx_EnableMSIPLLMode
                         0x800'5b61     0xe  Code  Gb  stm32l4xx_hal_rcc_ex.o [4]
HAL_RCCEx_GetPeriphCLKFreq
                         0x800'5585   0x5c8  Code  Gb  stm32l4xx_hal_rcc_ex.o [4]
HAL_RCCEx_PeriphCLKConfig
                         0x800'5239   0x34c  Code  Gb  stm32l4xx_hal_rcc_ex.o [4]
HAL_RCC_ClockConfig      0x800'795d   0x17a  Code  Gb  stm32l4xx_hal_rcc.o [4]
HAL_RCC_GetClockConfig   0x800'7be5    0x34  Code  Gb  stm32l4xx_hal_rcc.o [4]
HAL_RCC_GetHCLKFreq      0x800'7bab     0x6  Code  Gb  stm32l4xx_hal_rcc.o [4]
HAL_RCC_GetPCLK1Freq     0x800'7bb1    0x1a  Code  Gb  stm32l4xx_hal_rcc.o [4]
HAL_RCC_GetPCLK2Freq     0x800'7bcb    0x1a  Code  Gb  stm32l4xx_hal_rcc.o [4]
HAL_RCC_GetSysClockFreq
                         0x800'7ad7    0xd4  Code  Gb  stm32l4xx_hal_rcc.o [4]
HAL_RCC_OscConfig        0x800'72d5   0x688  Code  Gb  stm32l4xx_hal_rcc.o [4]
HAL_RNG_DeInit           0x800'e27d    0x3a  Code  Gb  stm32l4xx_hal_rng.o [4]
HAL_RNG_MspDeInit        0x800'6d69    0x1e  Code  Gb  rng.o [2]
HAL_RTCEx_AlarmBEventCallback
                         0x800'a4c5     0x2  Code  Wk  stm32l4xx_hal_rtc_ex.o [4]
HAL_RTCEx_BKUPRead       0x800'5229     0xe  Code  Gb  stm32l4xx_hal_rtc_ex.o [4]
HAL_RTCEx_BKUPWrite      0x800'5211    0x18  Code  Gb  stm32l4xx_hal_rtc_ex.o [4]
HAL_RTCEx_SetWakeUpTimer_IT
                         0x800'50f5    0xda  Code  Gb  stm32l4xx_hal_rtc_ex.o [4]
HAL_RTCEx_WakeUpTimerEventCallback
                         0x800'25bf     0xc  Code  Gb  rtc.o [2]
HAL_RTCEx_WakeUpTimerIRQHandler
                         0x800'51cf    0x34  Code  Gb  stm32l4xx_hal_rtc_ex.o [4]
HAL_RTC_AlarmAEventCallback
                         0x800'a4af     0xa  Code  Gb  timer_if.o [2]
HAL_RTC_AlarmIRQHandler
                         0x800'4ccd    0x60  Code  Gb  stm32l4xx_hal_rtc.o [4]
HAL_RTC_DeInit           0x800'4513    0xb2  Code  Gb  stm32l4xx_hal_rtc.o [4]
HAL_RTC_DeactivateAlarm
                         0x800'4bf3    0xda  Code  Gb  stm32l4xx_hal_rtc.o [4]
HAL_RTC_GetDate          0x800'47ed    0x52  Code  Gb  stm32l4xx_hal_rtc.o [4]
HAL_RTC_GetTime          0x800'46bb    0x66  Code  Gb  stm32l4xx_hal_rtc.o [4]
HAL_RTC_Init             0x800'4449    0xca  Code  Gb  stm32l4xx_hal_rtc.o [4]
HAL_RTC_MspDeInit        0x800'2567    0x2e  Code  Gb  rtc.o [2]
HAL_RTC_MspInit          0x800'24eb    0x7c  Code  Gb  rtc.o [2]
HAL_RTC_SetAlarm         0x800'483f   0x1ce  Code  Gb  stm32l4xx_hal_rtc.o [4]
HAL_RTC_SetAlarm_IT      0x800'4a0d   0x1e6  Code  Gb  stm32l4xx_hal_rtc.o [4]
HAL_RTC_SetDate          0x800'4721    0xcc  Code  Gb  stm32l4xx_hal_rtc.o [4]
HAL_RTC_SetTime          0x800'45c5    0xf6  Code  Gb  stm32l4xx_hal_rtc.o [4]
HAL_RTC_WaitForSynchro   0x800'4d2d    0x2e  Code  Gb  stm32l4xx_hal_rtc.o [4]
HAL_ResumeTick           0x800'2af3    0x10  Code  Gb  stm32l4xx_hal_timebase_tim.o [2]
HAL_SAI_Abort            0x800'dbcd    0x8e  Code  Gb  stm32l4xx_hal_sai.o [4]
HAL_SAI_ErrorCallback    0x801'25cf    0x14  Code  Gb  maintask.o [1]
HAL_SAI_GetError         0x800'df65     0x6  Code  Gb  stm32l4xx_hal_sai.o [4]
HAL_SAI_IRQHandler       0x800'dd21   0x244  Code  Gb  stm32l4xx_hal_sai.o [4]
HAL_SAI_Init             0x800'da2d   0x18e  Code  Gb  stm32l4xx_hal_sai.o [4]
HAL_SAI_MspInit          0x801'2239    0xf6  Code  Gb  sai.o [2]
HAL_SAI_Receive_DMA      0x800'dc5b    0xc6  Code  Gb  stm32l4xx_hal_sai.o [4]
HAL_SAI_RxCpltCallback   0x801'25bf    0x10  Code  Gb  maintask.o [1]
HAL_SAI_RxHalfCpltCallback
                         0x801'259b    0x24  Code  Gb  maintask.o [1]
HAL_SPI_IRQHandler       0x800'd4c1   0x128  Code  Gb  stm32l4xx_hal_spi.o [4]
HAL_SuspendTick          0x800'2ae3    0x10  Code  Gb  stm32l4xx_hal_timebase_tim.o [2]
HAL_TIMEx_Break2Callback
                         0x800'e3f1     0x2  Code  Wk  stm32l4xx_hal_tim_ex.o [4]
HAL_TIMEx_BreakCallback
                         0x800'e3ef     0x2  Code  Wk  stm32l4xx_hal_tim_ex.o [4]
HAL_TIMEx_CommutCallback
                         0x800'e3f5     0x2  Code  Wk  stm32l4xx_hal_tim_ex.o [4]
HAL_TIM_Base_Init        0x800'7cf1    0x7a  Code  Gb  stm32l4xx_hal_tim.o [4]
HAL_TIM_Base_Start_IT    0x800'7d6b    0x70  Code  Gb  stm32l4xx_hal_tim.o [4]
HAL_TIM_IRQHandler       0x800'7de9   0x154  Code  Gb  stm32l4xx_hal_tim.o [4]
HAL_TIM_PeriodElapsedCallback
                         0x800'4f0f    0x12  Code  Gb  stm32l4xx_it.o [2]
HAL_UARTEx_StopModeWakeUpSourceConfig
                         0x800'e1c5    0x90  Code  Gb  stm32l4xx_hal_uart_ex.o [4]
HAL_UARTEx_WakeupCallback
                         0x801'21bb     0x2  Code  Wk  stm32l4xx_hal_uart_ex.o [4]
HAL_UART_Abort           0x800'c3a9   0x124  Code  Gb  stm32l4xx_hal_uart.o [4]
HAL_UART_AbortReceive    0x800'c4cd    0xc6  Code  Gb  stm32l4xx_hal_uart.o [4]
HAL_UART_DMAStop         0x800'c2f7    0xb2  Code  Gb  stm32l4xx_hal_uart.o [4]
HAL_UART_DeInit          0x800'c0d3    0x56  Code  Gb  stm32l4xx_hal_uart.o [4]
HAL_UART_ErrorCallback   0x800'61b1     0xc  Code  Gb  usart.o [2]
HAL_UART_GetState        0x800'c8e1     0xc  Code  Gb  stm32l4xx_hal_uart.o [4]
HAL_UART_IRQHandler      0x800'c593   0x336  Code  Gb  stm32l4xx_hal_uart.o [4]
HAL_UART_Init            0x800'c059    0x7a  Code  Gb  stm32l4xx_hal_uart.o [4]
HAL_UART_MspDeInit       0x800'6bc9   0x106  Code  Gb  usart.o [2]
HAL_UART_MspInit         0x800'68a5   0x324  Code  Gb  usart.o [2]
HAL_UART_Receive_DMA     0x800'c299    0x5e  Code  Gb  stm32l4xx_hal_uart.o [4]
HAL_UART_Receive_IT      0x800'c197    0x5e  Code  Gb  stm32l4xx_hal_uart.o [4]
HAL_UART_RxCpltCallback
                         0x800'641b    0x68  Code  Gb  usart.o [2]
HAL_UART_Transmit_DMA    0x800'c1f5    0xa4  Code  Gb  stm32l4xx_hal_uart.o [4]
HAL_UART_Transmit_IT     0x800'c129    0x6e  Code  Gb  stm32l4xx_hal_uart.o [4]
HAL_UART_TxCpltCallback
                         0x800'61af     0x2  Code  Gb  usart.o [2]
HEAP$$Base              0x2000'4fd8           --   Gb  - Linker created -
HEAP$$Limit             0x2001'0000           --   Gb  - Linker created -
HardFault_Handler        0x800'4e9b     0xc  Code  Gb  stm32l4xx_it.o [2]
I2C1_ER_IRQHandler       0x800'4f5d     0xa  Code  Gb  stm32l4xx_it.o [2]
I2C1_EV_IRQHandler       0x800'4f53     0xa  Code  Gb  stm32l4xx_it.o [2]
I2C3_ER_IRQHandler       0x800'4f71     0xa  Code  Gb  stm32l4xx_it.o [2]
I2C3_EV_IRQHandler       0x800'4f67     0xa  Code  Gb  stm32l4xx_it.o [2]
I2C_DMAAbort             0x800'bfa9    0x26  Code  Lc  stm32l4xx_hal_i2c.o [4]
I2C_Disable_IRQ          0x800'bfdd    0x7a  Code  Lc  stm32l4xx_hal_i2c.o [4]
I2C_Flush_TXDR           0x800'bf83    0x24  Code  Lc  stm32l4xx_hal_i2c.o [4]
I2C_ITAddrCplt           0x800'baa5    0xdc  Code  Lc  stm32l4xx_hal_i2c.o [4]
I2C_ITError              0x800'be03   0x14a  Code  Lc  stm32l4xx_hal_i2c.o [4]
I2C_ITListenCplt         0x800'bd99    0x6a  Code  Lc  stm32l4xx_hal_i2c.o [4]
I2C_ITSlaveCplt          0x800'bc05   0x192  Code  Lc  stm32l4xx_hal_i2c.o [4]
I2C_ITSlaveSeqCplt       0x800'bb81    0x80  Code  Lc  stm32l4xx_hal_i2c.o [4]
I2C_Slave_ISR_IT         0x800'b961   0x144  Code  Lc  stm32l4xx_hal_i2c.o [4]
I2C_TreatErrorCallback   0x800'bf4d    0x36  Code  Lc  stm32l4xx_hal_i2c.o [4]
KernelState             0x2000'49ac     0x4  Data  Lc  cmsis_os2.o [7]
LL_LPUART_ClearFlag_ORE
                         0x800'5ff9     0x6  Code  Lc  usart.o [2]
LL_LPUART_ClearFlag_WKUP
                         0x800'5fff     0x8  Code  Lc  usart.o [2]
LL_LPUART_EnableIT_WKUP
                         0x800'6007    0x1c  Code  Lc  usart.o [2]
LL_LPUART_EnableInStopMode
                         0x800'5fe5    0x14  Code  Lc  usart.o [2]
LPTIM1_IRQHandler        0x800'4ef3     0xa  Code  Gb  stm32l4xx_it.o [2]
LPUART1_IRQHandler       0x800'4f7b    0x12  Code  Gb  stm32l4xx_it.o [2]
MSIRangeTable            0x800'09b8    0x30  Data  Gb  system_stm32l4xx.o [3]
MX_ActivePeripherals     0x800'71cb    0xbe  Code  Gb  main.o [2]
MX_Breakpoint            0x800'31d1     0xe  Code  Gb  debug_if.o [2]
MX_DBG                   0x800'3207    0x20  Code  Gb  debug_if.o [2]
MX_DBG_Active            0x800'31fd     0xa  Code  Gb  debug_if.o [2]
MX_DBG_Enable            0x800'322d     0xc  Code  Gb  debug_if.o [2]
MX_DBG_Init              0x800'3239    0x5e  Code  Gb  debug_if.o [2]
MX_DBG_SetOutput         0x800'3227     0x6  Code  Gb  debug_if.o [2]
MX_DMA_DeInit            0x800'6de3    0x36  Code  Gb  dma.o [2]
MX_DMA_Init              0x800'6d99    0x4a  Code  Gb  dma.o [2]
MX_GPIO_Init             0x800'6e21   0x132  Code  Gb  gpio.o [2]
MX_GPIO_Stop             0x800'6f65    0x42  Code  Gb  gpio.o [2]
MX_GetTickMs             0x800'2b73    0x14  Code  Gb  stm32l4xx_hal_timebase_tim.o [2]
MX_GetTickMsFromISR      0x800'2b87    0x12  Code  Gb  stm32l4xx_hal_timebase_tim.o [2]
MX_ImageSize             0x800'7289     0x4  Code  Gb  main.o [2]
MX_InISR                 0x800'31eb    0x12  Code  Gb  debug_if.o [2]
MX_JumpToBootloader      0x800'3297    0xa4  Code  Gb  debug_if.o [2]
MX_LPUART1_UART_Init     0x800'65f9    0x18  Code  Gb  usart.o [2]
MX_LPUART1_UART_ReInit   0x800'6611    0x5c  Code  Gb  usart.o [2]
MX_LPUART1_UART_Resume   0x800'66f1    0x1e  Code  Gb  usart.o [2]
MX_LPUART1_UART_Suspend
                         0x800'666d    0x7e  Code  Gb  usart.o [2]
MX_RNG_DeInit            0x800'6d55    0x14  Code  Gb  rng.o [2]
MX_RTC_GetDateTime       0x800'277b   0x158  Code  Gb  rtc.o [2]
MX_RTC_GetMs             0x800'25cb   0x1b0  Code  Gb  rtc.o [2]
MX_RTC_GetMs::cumdays    0x800'0900    0x60  Data  Lc  rtc.o [2]
MX_RTC_Init              0x800'2413    0xd8  Code  Gb  rtc.o [2]
MX_RTC_Reset             0x800'23a9    0x6a  Code  Gb  rtc.o [2]
MX_RTC_ResetWakeupTimer
                         0x800'2595    0x2a  Code  Gb  rtc.o [2]
MX_Restart               0x800'31df     0xc  Code  Gb  debug_if.o [2]
MX_SAI1_Init             0x801'21c5    0x74  Code  Gb  sai.o [2]
MX_StepTickMs            0x800'2b03    0x16  Code  Gb  stm32l4xx_hal_timebase_tim.o [2]
MX_UART_IDLE_IRQHandler
                         0x800'6225    0x42  Code  Gb  usart.o [2]
MX_UART_IsDMA            0x800'6023    0x1e  Code  Gb  usart.o [2]
MX_UART_RxAvailable      0x800'655d    0x46  Code  Gb  usart.o [2]
MX_UART_RxConfigure      0x800'62e5    0xd2  Code  Gb  usart.o [2]
[...]
lastTimeDidWorkMs       0x2000'49c8     0x8  Data  Gb  serial.o [1]
ledEnable                0x800'a0bf    0x22  Code  Gb  led.o [1]
ledRestartSignal         0x800'a01d    0xa2  Code  Gb  led.o [1]
lmos                     0x801'3400    0x18  Data  Lc  xDaysTo64.o [10]
localeconv               0x801'42d3     0x4  Code  Gb  xlocale_c.o [10]
log10f                   0x801'43c1          Code  Gb  log10f.o [11]
logf                     0x801'448d          Code  Gb  logf.o [11]
lpuart1BaudRate         0x2000'4aec     0x4  Data  Gb  usart.o [2]
lpuart1Desc             0x2000'43c0    0x60  Data  Gb  serial.o [1]
lpuart1InterruptBuffer  0x2000'2888   0x258  Data  Gb  serial.o [1]
lpuart1PeriphClockSelection
                        0x2000'01ec     0x4  Data  Gb  usart.o [2]
lpuart1UsingAlternatePins
                        0x2000'4b13     0x1  Data  Gb  usart.o [2]
main                     0x800'70c9    0x5a  Code  Gb  main.o [2]
mainTask                 0x801'2349    0xe6  Code  Gb  maintask.o [1]
memAlloc                 0x800'85e1    0x48  Code  Gb  gmem.o [6]
memDup                   0x800'8687    0x54  Code  Gb  gmem.o [6]
memFailures             0x2000'4a40     0x4  Data  Gb  gmem.o [6]
memFree                  0x800'8629    0x14  Code  Gb  gmem.o [6]
memObjects              0x2000'4a3c     0x4  Data  Gb  gmem.o [6]
memRealloc               0x800'863d    0x4a  Code  Gb  gmem.o [6]
memchr                   0x801'3f35          Code  Gb  memchr.o [12]
memcmp                   0x800'fc05          Code  Gb  memcmp.o [12]
mos                      0x801'3418    0x18  Data  Lc  xDaysTo64.o [10]
mparams                 0x2000'48b8    0x18  Data  Lc  dlmalloc.o [10]
msCountFromSleep        0x2000'49d8     0x8  Data  Gb  stm32l4xx_hal_timebase_tim.o [2]
msCountFromTicks        0x2000'49d0     0x8  Data  Gb  stm32l4xx_hal_timebase_tim.o [2]
mtx                     0x2000'4990    0x10  Data  Lc  xsyslock_mtx.o [14]
mutexInit                0x800'7fb9    0x34  Code  Gb  mutex.o [6]
mutexIsLocked            0x800'8125    0x2e  Code  Gb  mutex.o [6]
mutexLockHandler         0x800'7fed   0x138  Code  Gb  mutex.o [6]
mutexUnlock              0x800'8153    0xa0  Code  Gb  mutex.o [6]
ndigs                    0x800'0b70    0x28  Data  Lc  iar_Stoulx.o [10]
needToResetRTC          0x2000'4b0e     0x1  Data  Gb  rtc.o [2]
notecard_pins           0x2000'0130    0xa8  Data  Gb  post.o [1]
osBuildString            0x801'3603     0x6  Code  Gb  post.o [1]
osDebugging              0x800'318d     0x8  Code  Gb  os.o [6]
osKernelInitialize       0x800'e30d    0x26  Code  Gb  cmsis_os2.o [7]
osKernelStart            0x800'e333    0x30  Code  Gb  cmsis_os2.o [7]
osUsbDetected            0x800'3195    0x18  Code  Gb  os.o [6]
paused                  0x2000'4b12     0x1  Data  Gb  tss.o [6]
pcInterruptPriorityRegisters
                         0x800'060c     0x4  Data  Lc  port.o [7]
pcm_buffer              0x2000'4040    0x80  Data  Gb  maintask.o [1]
pdm_buffer              0x2000'0354  0x1000  Data  Gb  maintask.o [1]
peripherals             0x2000'4a68     0x4  Data  Gb  main.o [2]
peripheralsToResume     0x2000'4aa0     0x4  Data  Gb  stm32_lpm_if.o [2]
pollPort                 0x800'2dd9   0x11c  Code  Gb  serial.o [1]
portDesc                 0x800'2dad    0x2c  Code  Gb  serial.o [1]
postAbort               0x2000'4b0c     0x1  Data  Gb  post.o [1]
postSelfTest             0x801'3609   0x262  Code  Gb  post.o [1]
printbuf                0x2000'3d24   0x100  Data  Gb  post.o [1]
processButton            0x800'3e07    0x40  Code  Gb  reqtask.o [1]
processButtonPress      0x2000'4b0d     0x1  Data  Gb  reqtask.o [1]
processPDMData           0x801'2431   0x16a  Code  Gb  maintask.o [1]
processPDMData::loudCount
                        0x2000'4a6c     0x4  Data  Lc  maintask.o [1]
processPDMData::sampleCount
                        0x2000'4a70     0x4  Data  Lc  maintask.o [1]
processPDMData::sampleSpl
                        0x2000'3b94   0x190  Data  Lc  maintask.o [1]
processReq               0x800'3d3d    0xba  Code  Gb  reqtask.o [1]
prvAddCurrentTaskToDelayedList
                         0x800'1cd9    0x6c  Code  Lc  tasks.o [7]
prvAddNewTaskToReadyList
                         0x800'0ebb    0x9e  Code  Lc  tasks.o [7]
prvCheckTasksWaitingTermination
                         0x800'1749    0x3e  Code  Lc  tasks.o [7]
prvCopyDataToQueue       0x800'e843    0x9c  Code  Lc  queue.o [7]
prvDeleteTCB             0x800'1849    0x38  Code  Lc  tasks.o [7]
prvGetDisinheritPriorityAfterTimeout
                         0x800'e82d    0x16  Code  Lc  queue.o [7]
prvGetExpectedIdleTime   0x800'11b9    0x46  Code  Lc  tasks.o [7]
prvHeapInit              0x800'34eb    0xe6  Code  Lc  heap_4.o [2]
prvIdleTask              0x800'165d    0x58  Code  Lc  tasks.o [7]
prvInitialiseMutex       0x800'e4fd    0x22  Code  Lc  queue.o [7]
prvInitialiseNewQueue    0x800'e4c7    0x36  Code  Lc  queue.o [7]
prvInitialiseNewTask     0x800'0de1    0xda  Code  Lc  tasks.o [7]
prvInitialiseTaskLists   0x800'16f5    0x54  Code  Lc  tasks.o [7]
prvInsertBlockIntoFreeList
                         0x800'35d1    0x5e  Code  Lc  heap_4.o [2]
prvIsQueueEmpty          0x800'e94d    0x1c  Code  Lc  queue.o [7]
prvIsQueueFull           0x800'e969    0x1e  Code  Lc  queue.o [7]
prvResetNextTaskUnblockTime
                         0x800'1881    0x2a  Code  Lc  tasks.o [7]
prvTaskCheckFreeStackSpace
                         0x800'1825    0x16  Code  Lc  tasks.o [7]
prvTaskExitError         0x800'3789    0x20  Code  Lc  port.o [7]
prvUnlockQueue           0x800'e8df    0x6e  Code  Lc  queue.o [7]
pvPortMalloc             0x800'337d   0x104  Code  Gb  heap_4.o [2]
pvTaskIncrementMutexHeldCount
                         0x800'1a8d    0x16  Code  Gb  tasks.o [7]
pxCurrentTCB            0x2000'4aac     0x4  Data  Gb  tasks.o [7]
pxDelayedTaskList       0x2000'4ab0     0x4  Data  Lc  tasks.o [7]
pxEnd                   0x2000'4a50     0x4  Data  Gb  heap_4.o [2]
pxOverflowDelayedTaskList
                        0x2000'4ab4     0x4  Data  Lc  tasks.o [7]
pxPortInitialiseStack    0x800'3761    0x28  Code  Gb  port.o [7]
pxReadyTasksLists       0x2000'1354   0x460  Data  Lc  tasks.o [7]
receiveComplete          0x800'6483    0xda  Code  Gb  usart.o [2]
reqButtonPressedISR      0x800'3df7    0x10  Code  Gb  reqtask.o [1]
reqDeferredWork         0x2000'4a84     0x4  Data  Gb  reqtask.o [1]
reqProcess               0x800'a0e1    0x60  Code  Gb  req.o [1]
reqTask                  0x800'3cc1    0x7c  Code  Gb  reqtask.o [1]
rtcGetFailures          0x2000'4a8c     0x4  Data  Gb  rtc.o [2]
rtcGetResets            0x2000'4a90     0x4  Data  Gb  rtc.o [2]
rtcInitialized          0x2000'4b11     0x1  Data  Gb  timer_if.o [2]
rtcwutClockrate         0x2000'01d8     0x4  Data  Gb  rtc.o [2]
rtcwutCounter           0x2000'4a88     0x4  Data  Gb  rtc.o [2]
rtcwutDivisor           0x2000'01dc     0x4  Data  Gb  rtc.o [2]
rxPort                   0x800'61bd    0x68  Code  Gb  usart.o [2]
rxioLPUART1             0x2000'4858    0x18  Data  Gb  usart.o [2]
rxioUSART1              0x2000'4870    0x18  Data  Gb  usart.o [2]
rxioUSART2              0x2000'4888    0x18  Data  Gb  usart.o [2]
rxioUSB                 0x2000'48a0    0x18  Data  Gb  usart.o [2]
rxtemp                  0x2000'33b0   0x200  Data  Gb  usart.o [2]
rxtempInUse             0x2000'4af8     0x4  Data  Gb  usart.o [2]
scale                    0x801'08b9    0x46  Code  Lc  xprintflarge_nomb.o [10]
sec_hand                0x2000'4afc     0x4  Data  Lc  xfail_s.o [10]
segment_holding          0x800'875d    0x1c  Code  Lc  dlmalloc.o [10]
serialActive            0x2000'4b0f     0x1  Data  Gb  serial.o [1]
serialInit               0x800'2bb5    0xc4  Code  Gb  serial.o [1]
serialIsActive           0x800'2d7b     0x8  Code  Gb  serial.o [1]
serialIsDebugPort        0x800'2fb3    0x14  Code  Gb  serial.o [1]
serialLock               0x800'2ef5    0x86  Code  Gb  serial.o [1]
serialOutput             0x800'3063    0x3e  Code  Gb  serial.o [1]
serialOutputLn           0x800'30a1    0xa4  Code  Gb  serial.o [1]
serialPoll               0x800'2c79   0x102  Code  Gb  serial.o [1]
serialReceivedNotification
                         0x800'2d85    0x28  Code  Gb  serial.o [1]
serialTaskID            0x2000'01e0     0x4  Data  Gb  serial.o [1]
serialUnlock             0x800'2f7b    0x38  Code  Gb  serial.o [1]
sleepBeganMs            0x2000'49b0     0x8  Data  Gb  app.o [1]
snprintf                 0x800'e989    0x44  Code  Gb  snprintf.o [10]
sqrtf                    0x801'43a1          Code  Gb  sqrtf.o [11]
static_file_list_lock   0x2000'49a0     0xc  Data  Lc  dlib_lock_glue.o [5]
static_file_lock        0x2000'4b18    0x80  Data  Lc  dlib_lock_glue.o [5]
static_system_list_lock
                        0x2000'4934     0xc  Data  Lc  dlib_lock_glue.o [5]
static_system_lock      0x2000'4b98    0x40  Data  Lc  dlib_lock_glue.o [5]
stm32_lock_acquire       0x801'30eb    0x3e  Code  Lc  dlib_lock_glue.o [5]
stm32_lock_init          0x801'30c5    0x26  Code  Lc  dlib_lock_glue.o [5]
stm32_lock_release       0x801'3129    0x30  Code  Lc  dlib_lock_glue.o [5]
strchr                   0x801'3edd          Code  Gb  strchr.o [12]
strcmp                   0x801'35c5          Code  Gb  strcmp.o [12]
strlcat                  0x800'e375    0x72  Code  Wk  strl.o [6]
strlcpy                  0x800'9fc9    0x42  Code  Wk  strl.o [6]
strlen                   0x800'a339          Code  Gb  strlen.o [12]
strstr                   0x801'3599    0x2c  Code  Gb  strstr.o [10]
takeTimeoutDueMs        0x2000'4960    0x10  Data  Gb  task.o [6]
taskGive                 0x800'222f    0x2a  Code  Gb  task.o [6]
taskGiveAllFromISR       0x800'2259    0x14  Code  Gb  task.o [6]
taskGiveFromISR          0x800'226d    0x1c  Code  Gb  task.o [6]
taskHandle              0x2000'49e0     0x8  Data  Gb  task.o [6]
taskID                   0x800'218f    0x2c  Code  Gb  task.o [6]
taskIOPriorityBegin      0x800'234b    0x1c  Code  Gb  task.o [6]
taskIOPriorityEnd        0x800'2367    0x10  Code  Gb  task.o [6]
taskLabel                0x800'217b    0x14  Code  Gb  task.o [6]
taskLetter              0x2000'4b08     0x2  Data  Gb  task.o [6]
taskMutexes             0x2000'4940    0x10  Data  Gb  mutex.o [6]
taskName                0x2000'49e8     0x8  Data  Gb  task.o [6]
taskRegister             0x800'214d    0x2e  Code  Gb  task.o [6]
taskResumedMs           0x2000'4970    0x10  Data  Gb  tss.o [6]
taskStackBytes          0x2000'49f0     0x8  Data  Gb  task.o [6]
taskStackStats           0x800'2291    0xba  Code  Gb  task.o [6]
taskSwitches            0x2000'4a28     0x8  Data  Gb  tss.o [6]
taskTake                 0x800'21bb    0x74  Code  Gb  task.o [6]
taskTotalMs             0x2000'4980    0x10  Data  Gb  tss.o [6]
textOut                  0x801'3879    0x40  Code  Gb  post.o [1]
textOutN                 0x801'386b     0xe  Code  Gb  post.o [1]
tickCount               0x2000'4aa8     0x4  Data  Gb  stm32l4xx_hal_timebase_tim.o [2]
timeDateStr              0x800'3bd3    0xd4  Code  Gb  timer.o [6]
timeIsValid              0x800'3b09    0x16  Code  Gb  timer.o [6]
timeIsValidUnix          0x800'3b1f    0x18  Code  Gb  timer.o [6]
timeMutex               0x2000'0050    0x28  Data  Gb  timer.o [6]
timeSecs                 0x800'3b37    0x12  Code  Gb  timer.o [6]
timerMs                  0x800'3abd     0x8  Code  Gb  timer.o [6]
timerMsElapsed           0x800'3ad9    0x30  Code  Gb  timer.o [6]
timerMsFromISR           0x800'3ac5     0x8  Code  Gb  timer.o [6]
timerMsSleep             0x800'3acd     0xc  Code  Gb  timer.o [6]
timerSetBootTime         0x800'3aad    0x10  Code  Gb  timer.o [6]
tolower                  0x801'4479    0x14  Code  Gb  tolower.o [10]
toupper                  0x801'4699    0x14  Code  Gb  toupper.o [10]
traceTickStepErrors     0x2000'4a08     0x8  Data  Gb  tasks.o [7]
traceTickStepOverflows  0x2000'4a00     0x8  Data  Gb  tasks.o [7]
traceTickSteps          0x2000'49f8     0x8  Data  Gb  tasks.o [7]
traceTicksDiscarded     0x2000'4a10     0x8  Data  Gb  tasks.o [7]
tssBeganMs              0x2000'4a20     0x8  Data  Gb  tss.o [6]
tssPostSuspend           0x800'3faf    0x3a  Code  Gb  tss.o [6]
tssPreSuspend            0x800'3f59    0x56  Code  Gb  tss.o [6]
tssResume                0x800'3fe9    0x3a  Code  Gb  tss.o [6]
twoDigits                0x800'3b49    0x2e  Code  Lc  timer.o [6]
uartTransmit             0x800'3023    0x40  Code  Gb  serial.o [1]
ucHeap                  0x2000'4a44     0x4  Data  Gb  heap_4.o [2]
ucMaxSysCallPriority    0x2000'4b0b     0x1  Data  Lc  port.o [7]
uioReceivedBytes         0x800'63b7    0x4e  Code  Gb  usart.o [2]
ulMaxPRIGROUPValue      0x2000'4a80     0x4  Data  Lc  port.o [7]
ulStoppedTimerCompensation
                        0x2000'4a7c     0x4  Data  Lc  port.o [7]
ulTaskNotifyTake         0x800'1aa3    0x6c  Code  Gb  tasks.o [7]
ulTimerCountsForOneTick
                        0x2000'4a74     0x4  Data  Lc  port.o [7]
usart1BaudRate          0x2000'4af0     0x4  Data  Gb  usart.o [2]
usart1Desc              0x2000'4360    0x60  Data  Gb  serial.o [1]
usart1InterruptBuffer   0x2000'2ae0   0x258  Data  Gb  serial.o [1]
usart2BaudRate          0x2000'4af4     0x4  Data  Gb  usart.o [2]
usart2UsingRS485        0x2000'4b14     0x1  Data  Gb  usart.o [2]
usbDesc                 0x2000'4300    0x60  Data  Gb  serial.o [1]
usbInterruptBuffer      0x2000'2d38   0x258  Data  Gb  serial.o [1]
uwTickPrio              0x2000'01e4     0x4  Data  Gb  stm32l4xx_hal.o [4]
uxCriticalNesting       0x2000'0078     0x4  Data  Lc  port.o [7]
uxCurrentNumberOfTasks  0x2000'4abc     0x4  Data  Lc  tasks.o [7]
uxDeletedTasksWaitingCleanUp
                        0x2000'4ab8     0x4  Data  Lc  tasks.o [7]
uxListRemove             0x800'3739    0x28  Code  Gb  list.o [7]
uxSchedulerSuspended    0x2000'4ae4     0x4  Data  Lc  tasks.o [7]
uxTaskNumber            0x2000'4ad8     0x4  Data  Lc  tasks.o [7]
uxTaskPriorityGet        0x800'101b    0x20  Code  Gb  tasks.o [7]
uxTopReadyPriority      0x2000'4ac4     0x4  Data  Lc  tasks.o [7]
vApplicationGetIdleTaskMemory
                         0x800'3935    0x18  Code  Wk  cmsis_os2.o [7]
vApplicationGetIdleTaskMemory::Idle_Stack
                        0x2000'31b0   0x200  Data  Lc  cmsis_os2.o [7]
vApplicationGetIdleTaskMemory::Idle_TCB
                        0x2000'4420    0x5c  Data  Lc  cmsis_os2.o [7]
vListInitialise          0x800'36c7    0x1e  Code  Gb  list.o [7]
vListInitialiseItem      0x800'36e5     0x6  Code  Gb  list.o [7]
vListInsert              0x800'3703    0x36  Code  Gb  list.o [7]
vListInsertEnd           0x800'36eb    0x18  Code  Gb  list.o [7]
vPortEnableVFP           0x800'9d39          Code  Gb  portasm.o [7]
vPortEnterCritical       0x800'3853    0x2c  Code  Gb  port.o [7]
vPortExitCritical        0x800'387f    0x22  Code  Gb  port.o [7]
vPortFree                0x800'3481    0x64  Code  Gb  heap_4.o [2]
vPortStartFirstTask      0x800'9d19          Code  Gb  portasm.o [7]
vPortSuppressTicksAndSleep
                         0x800'394d   0x160  Code  Wk  port.o [7]
vPortValidateInterruptPriority
                         0x800'38cd    0x38  Code  Gb  port.o [7]
vTaskDelay               0x800'0f59    0x42  Code  Gb  tasks.o [7]
vTaskGetInfo             0x800'1787    0x9a  Code  Gb  tasks.o [7]
vTaskInternalSetTimeOutState
                         0x800'15c9    0x12  Code  Gb  tasks.o [7]
vTaskMissedYield         0x800'1651     0xa  Code  Gb  tasks.o [7]
vTaskNotifyGiveFromISR   0x800'1c2d    0xa6  Code  Gb  tasks.o [7]
vTaskPlaceOnEventList    0x800'1511    0x28  Code  Gb  tasks.o [7]
vTaskPriorityDisinheritAfterTimeout
                         0x800'19dd    0xb0  Code  Gb  tasks.o [7]
vTaskPrioritySet         0x800'103b    0xee  Code  Gb  tasks.o [7]
vTaskStartScheduler      0x800'1129    0x84  Code  Gb  tasks.o [7]
vTaskStepTick            0x800'12db    0x9c  Code  Gb  tasks.o [7]
vTaskSuspendAll          0x800'11ad     0xc  Code  Gb  tasks.o [7]
vTaskSwitchContext       0x800'14a1    0x6a  Code  Gb  tasks.o [7]
vector_t                0x2000'3a00   0x194  Data  Gb  main.o [2]
vsnprintf                0x800'a371    0x3c  Code  Gb  vsnprint.o [10]
wasStopped              0x2000'4b10     0x1  Data  Gb  stm32_lpm_if.o [2]
xBlockAllocatedBit      0x2000'4a64     0x4  Data  Gb  heap_4.o [2]
xDelayedTaskList1       0x2000'48d0    0x14  Data  Lc  tasks.o [7]
xDelayedTaskList2       0x2000'48e4    0x14  Data  Lc  tasks.o [7]
xFreeBytesRemaining     0x2000'4a54     0x4  Data  Gb  heap_4.o [2]
xHeapStructSize          0x800'0354     0x4  Data  Gb  heap_4.o [2]
xIdleTaskHandle         0x2000'4ae0     0x4  Data  Lc  tasks.o [7]
xMaximumPossibleSuppressedTicks
                        0x2000'4a78     0x4  Data  Lc  port.o [7]
xMinimumEverFreeBytesRemaining
                        0x2000'4a58     0x4  Data  Gb  heap_4.o [2]
xNextTaskUnblockTime    0x2000'4adc     0x4  Data  Lc  tasks.o [7]
xNumOfOverflows         0x2000'4ad4     0x4  Data  Lc  tasks.o [7]
xNumberOfSuccessfulAllocations
                        0x2000'4a5c     0x4  Data  Gb  heap_4.o [2]
xNumberOfSuccessfulFrees
                        0x2000'4a60     0x4  Data  Gb  heap_4.o [2]
xPendedTicks            0x2000'4acc     0x4  Data  Lc  tasks.o [7]
xPendingReadyList       0x2000'48f8    0x14  Data  Lc  tasks.o [7]
xPortGetFreeHeapSize     0x800'34e5     0x6  Code  Gb  heap_4.o [2]
xPortStartScheduler      0x800'37a9    0xaa  Code  Gb  port.o [7]
xPortSysTickHandler      0x800'38a1    0x28  Code  Gb  port.o [7]
xQueueCreateMutex        0x800'e51f    0x20  Code  Gb  queue.o [7]
xQueueGenericCreate      0x800'e481    0x46  Code  Gb  queue.o [7]
xQueueGenericReset       0x800'e3f9    0x88  Code  Gb  queue.o [7]
xQueueGenericSend        0x800'e53f   0x176  Code  Gb  queue.o [7]
xQueueSemaphoreTake      0x800'e6b5   0x172  Code  Gb  queue.o [7]
xSchedulerRunning       0x2000'4ac8     0x4  Data  Lc  tasks.o [7]
xStart                  0x2000'49c0     0x8  Data  Gb  heap_4.o [2]
xSuspendedTaskList      0x2000'4920    0x14  Data  Lc  tasks.o [7]
xTaskCheckForTimeOut     0x800'15db    0x76  Code  Gb  tasks.o [7]
xTaskCreate              0x800'0d6f    0x72  Code  Gb  tasks.o [7]
xTaskCreateStatic        0x800'0cf9    0x76  Code  Gb  tasks.o [7]
xTaskGenericNotify       0x800'1b1d    0xfa  Code  Gb  tasks.o [7]
xTaskGetCurrentTaskHandle
                         0x800'18ab     0x8  Code  Gb  tasks.o [7]
xTaskGetSchedulerState   0x800'18b3    0x20  Code  Gb  tasks.o [7]
xTaskIncrementTick       0x800'1395   0x106  Code  Gb  tasks.o [7]
xTaskPriorityDisinherit
                         0x800'1965    0x74  Code  Gb  tasks.o [7]
xTaskPriorityInherit     0x800'18d5    0x90  Code  Gb  tasks.o [7]
xTaskRemoveFromEventList
                         0x800'1541    0x7c  Code  Gb  tasks.o [7]
xTaskResumeAll           0x800'11ff    0xdc  Code  Gb  tasks.o [7]
xTasksWaitingTermination
                        0x2000'490c    0x14  Data  Lc  tasks.o [7]
xTickCount              0x2000'4ac0     0x4  Data  Lc  tasks.o [7]
xYieldPending           0x2000'4ad0     0x4  Data  Lc  tasks.o [7]


[1] = C:\Users\rozzie\dev\splash\EWARM\splash\Obj\App
[2] = C:\Users\rozzie\dev\splash\EWARM\splash\Obj\Core
[3] = C:\Users\rozzie\dev\splash\EWARM\splash\Obj\Drivers\CMSIS
[4] = C:\Users\rozzie\dev\splash\EWARM\splash\Obj\Drivers\STM32L4xx_HAL_Driver
[5] = C:\Users\rozzie\dev\splash\EWARM\splash\Obj\EWARM
[6] = C:\Users\rozzie\dev\splash\EWARM\splash\Obj\Global
[7] = C:\Users\rozzie\dev\splash\EWARM\splash\Obj\Middlewares\FreeRTOS
[8] = C:\Users\rozzie\dev\splash\EWARM\splash\Obj\Middlewares\USB
[9] = C:\Users\rozzie\dev\splash\EWARM\splash\Obj\Utilities
[10] = dl7M_tlf.a
[11] = m7M_tls.a
[12] = rt7M_tl.a
[13] = shb_l.a
[14] = th7M_tlf.a

  81'464 bytes of readonly  code memory
   3'181 bytes of readonly  data memory
  65'533 bytes of readwrite data memory

Errors: none
Warnings: none
